<?xml version="1.0" encoding="ISO-8859-1" ?>
<link_info>
   <banner>TI ARM Linker PC v20.2.6.LTS</banner>
   <copyright>Copyright (c) 1996-2018 Texas Instruments Incorporated</copyright>
   <link_time>0x6234b4dc</link_time>
   <link_errors>0x0</link_errors>
   <output_file>Control_MiniProy.out</output_file>
   <entry_point>
      <name>_c_int00_noargs</name>
      <address>0x332d</address>
   </entry_point>
   <input_file_list>
      <input_file id="fl-2">
         <path>.\</path>
         <kind>object</kind>
         <file>i2cm_drv.obj</file>
         <name>i2cm_drv.obj</name>
      </input_file>
      <input_file id="fl-3">
         <path>.\</path>
         <kind>object</kind>
         <file>main.obj</file>
         <name>main.obj</name>
      </input_file>
      <input_file id="fl-4">
         <path>.\</path>
         <kind>object</kind>
         <file>mpu6050.obj</file>
         <name>mpu6050.obj</name>
      </input_file>
      <input_file id="fl-5">
         <path>.\</path>
         <kind>object</kind>
         <file>tm4c123gh6pm_startup_ccs.obj</file>
         <name>tm4c123gh6pm_startup_ccs.obj</name>
      </input_file>
      <input_file id="fl-6">
         <path>.\</path>
         <kind>object</kind>
         <file>uartstdio.obj</file>
         <name>uartstdio.obj</name>
      </input_file>
      <input_file id="fl-b">
         <kind>object</kind>
         <file>&lt;internal&gt;</file>
         <name>&lt;internal&gt;</name>
      </input_file>
      <input_file id="fl-c">
         <path>C:\ti\TivaWare_C_Series-2.1.4.178\driverlib\ccs\Debug\</path>
         <kind>archive</kind>
         <file>driverlib.lib</file>
         <name>adc.obj</name>
      </input_file>
      <input_file id="fl-d">
         <path>C:\ti\TivaWare_C_Series-2.1.4.178\driverlib\ccs\Debug\</path>
         <kind>archive</kind>
         <file>driverlib.lib</file>
         <name>gpio.obj</name>
      </input_file>
      <input_file id="fl-e">
         <path>C:\ti\TivaWare_C_Series-2.1.4.178\driverlib\ccs\Debug\</path>
         <kind>archive</kind>
         <file>driverlib.lib</file>
         <name>i2c.obj</name>
      </input_file>
      <input_file id="fl-f">
         <path>C:\ti\TivaWare_C_Series-2.1.4.178\driverlib\ccs\Debug\</path>
         <kind>archive</kind>
         <file>driverlib.lib</file>
         <name>interrupt.obj</name>
      </input_file>
      <input_file id="fl-10">
         <path>C:\ti\TivaWare_C_Series-2.1.4.178\driverlib\ccs\Debug\</path>
         <kind>archive</kind>
         <file>driverlib.lib</file>
         <name>ssi.obj</name>
      </input_file>
      <input_file id="fl-11">
         <path>C:\ti\TivaWare_C_Series-2.1.4.178\driverlib\ccs\Debug\</path>
         <kind>archive</kind>
         <file>driverlib.lib</file>
         <name>sysctl.obj</name>
      </input_file>
      <input_file id="fl-12">
         <path>C:\ti\TivaWare_C_Series-2.1.4.178\driverlib\ccs\Debug\</path>
         <kind>archive</kind>
         <file>driverlib.lib</file>
         <name>timer.obj</name>
      </input_file>
      <input_file id="fl-13">
         <path>C:\ti\TivaWare_C_Series-2.1.4.178\driverlib\ccs\Debug\</path>
         <kind>archive</kind>
         <file>driverlib.lib</file>
         <name>uart.obj</name>
      </input_file>
      <input_file id="fl-14">
         <path>C:\ti\TivaWare_C_Series-2.1.4.178\driverlib\ccs\Debug\</path>
         <kind>archive</kind>
         <file>driverlib.lib</file>
         <name>cpu.obj</name>
      </input_file>
      <input_file id="fl-ca">
         <path>C:\ti\ccs1100\ccs\tools\compiler\ti-cgt-arm_20.2.6.LTS\lib\</path>
         <kind>archive</kind>
         <file>rtsv7M4_T_le_v4SPD16_eabi.lib</file>
         <name>e_atan2.c.obj</name>
      </input_file>
      <input_file id="fl-cb">
         <path>C:\ti\ccs1100\ccs\tools\compiler\ti-cgt-arm_20.2.6.LTS\lib\</path>
         <kind>archive</kind>
         <file>rtsv7M4_T_le_v4SPD16_eabi.lib</file>
         <name>s_atan.c.obj</name>
      </input_file>
      <input_file id="fl-cc">
         <path>C:\ti\ccs1100\ccs\tools\compiler\ti-cgt-arm_20.2.6.LTS\lib\</path>
         <kind>archive</kind>
         <file>rtsv7M4_T_le_v4SPD16_eabi.lib</file>
         <name>fd_add_t2.asm.obj</name>
      </input_file>
      <input_file id="fl-cd">
         <path>C:\ti\ccs1100\ccs\tools\compiler\ti-cgt-arm_20.2.6.LTS\lib\</path>
         <kind>archive</kind>
         <file>rtsv7M4_T_le_v4SPD16_eabi.lib</file>
         <name>fd_cmp_t2.asm.obj</name>
      </input_file>
      <input_file id="fl-ce">
         <path>C:\ti\ccs1100\ccs\tools\compiler\ti-cgt-arm_20.2.6.LTS\lib\</path>
         <kind>archive</kind>
         <file>rtsv7M4_T_le_v4SPD16_eabi.lib</file>
         <name>fd_div_t2.asm.obj</name>
      </input_file>
      <input_file id="fl-cf">
         <path>C:\ti\ccs1100\ccs\tools\compiler\ti-cgt-arm_20.2.6.LTS\lib\</path>
         <kind>archive</kind>
         <file>rtsv7M4_T_le_v4SPD16_eabi.lib</file>
         <name>fd_mul_t2.asm.obj</name>
      </input_file>
      <input_file id="fl-d0">
         <path>C:\ti\ccs1100\ccs\tools\compiler\ti-cgt-arm_20.2.6.LTS\lib\</path>
         <kind>archive</kind>
         <file>rtsv7M4_T_le_v4SPD16_eabi.lib</file>
         <name>fd_toi_t2.asm.obj</name>
      </input_file>
      <input_file id="fl-d1">
         <path>C:\ti\ccs1100\ccs\tools\compiler\ti-cgt-arm_20.2.6.LTS\lib\</path>
         <kind>archive</kind>
         <file>rtsv7M4_T_le_v4SPD16_eabi.lib</file>
         <name>fd_tos_t2.asm.obj</name>
      </input_file>
      <input_file id="fl-d2">
         <path>C:\ti\ccs1100\ccs\tools\compiler\ti-cgt-arm_20.2.6.LTS\lib\</path>
         <kind>archive</kind>
         <file>rtsv7M4_T_le_v4SPD16_eabi.lib</file>
         <name>fs_tod_t2.asm.obj</name>
      </input_file>
      <input_file id="fl-d3">
         <path>C:\ti\ccs1100\ccs\tools\compiler\ti-cgt-arm_20.2.6.LTS\lib\</path>
         <kind>archive</kind>
         <file>rtsv7M4_T_le_v4SPD16_eabi.lib</file>
         <name>u_divt2.asm.obj</name>
      </input_file>
      <input_file id="fl-d4">
         <path>C:\ti\ccs1100\ccs\tools\compiler\ti-cgt-arm_20.2.6.LTS\lib\</path>
         <kind>archive</kind>
         <file>rtsv7M4_T_le_v4SPD16_eabi.lib</file>
         <name>copy_zero_init.c.obj</name>
      </input_file>
      <input_file id="fl-d5">
         <path>C:\ti\ccs1100\ccs\tools\compiler\ti-cgt-arm_20.2.6.LTS\lib\</path>
         <kind>archive</kind>
         <file>rtsv7M4_T_le_v4SPD16_eabi.lib</file>
         <name>copy_decompress_none.c.obj</name>
      </input_file>
      <input_file id="fl-d6">
         <path>C:\ti\ccs1100\ccs\tools\compiler\ti-cgt-arm_20.2.6.LTS\lib\</path>
         <kind>archive</kind>
         <file>rtsv7M4_T_le_v4SPD16_eabi.lib</file>
         <name>copy_decompress_lzss.c.obj</name>
      </input_file>
      <input_file id="fl-d7">
         <path>C:\ti\ccs1100\ccs\tools\compiler\ti-cgt-arm_20.2.6.LTS\lib\</path>
         <kind>archive</kind>
         <file>rtsv7M4_T_le_v4SPD16_eabi.lib</file>
         <name>boot_cortex_m.c.obj</name>
      </input_file>
      <input_file id="fl-d8">
         <path>C:\ti\ccs1100\ccs\tools\compiler\ti-cgt-arm_20.2.6.LTS\lib\</path>
         <kind>archive</kind>
         <file>rtsv7M4_T_le_v4SPD16_eabi.lib</file>
         <name>div0.asm.obj</name>
      </input_file>
      <input_file id="fl-d9">
         <path>C:\ti\ccs1100\ccs\tools\compiler\ti-cgt-arm_20.2.6.LTS\lib\</path>
         <kind>archive</kind>
         <file>rtsv7M4_T_le_v4SPD16_eabi.lib</file>
         <name>memcpy_t2.asm.obj</name>
      </input_file>
      <input_file id="fl-da">
         <path>C:\ti\ccs1100\ccs\tools\compiler\ti-cgt-arm_20.2.6.LTS\lib\</path>
         <kind>archive</kind>
         <file>rtsv7M4_T_le_v4SPD16_eabi.lib</file>
         <name>memset_t2.asm.obj</name>
      </input_file>
      <input_file id="fl-db">
         <path>C:\ti\ccs1100\ccs\tools\compiler\ti-cgt-arm_20.2.6.LTS\lib\</path>
         <kind>archive</kind>
         <file>rtsv7M4_T_le_v4SPD16_eabi.lib</file>
         <name>autoinit.c.obj</name>
      </input_file>
      <input_file id="fl-dc">
         <path>C:\ti\ccs1100\ccs\tools\compiler\ti-cgt-arm_20.2.6.LTS\lib\</path>
         <kind>archive</kind>
         <file>rtsv7M4_T_le_v4SPD16_eabi.lib</file>
         <name>pre_init.c.obj</name>
      </input_file>
      <input_file id="fl-dd">
         <path>C:\ti\ccs1100\ccs\tools\compiler\ti-cgt-arm_20.2.6.LTS\lib\</path>
         <kind>archive</kind>
         <file>rtsv7M4_T_le_v4SPD16_eabi.lib</file>
         <name>cpy_tbl.c.obj</name>
      </input_file>
      <input_file id="fl-de">
         <path>C:\ti\ccs1100\ccs\tools\compiler\ti-cgt-arm_20.2.6.LTS\lib\</path>
         <kind>archive</kind>
         <file>rtsv7M4_T_le_v4SPD16_eabi.lib</file>
         <name>exit.c.obj</name>
      </input_file>
      <input_file id="fl-df">
         <path>C:\ti\ccs1100\ccs\tools\compiler\ti-cgt-arm_20.2.6.LTS\lib\</path>
         <kind>archive</kind>
         <file>rtsv7M4_T_le_v4SPD16_eabi.lib</file>
         <name>_lock.c.obj</name>
      </input_file>
      <input_file id="fl-e0">
         <path>C:\ti\ccs1100\ccs\tools\compiler\ti-cgt-arm_20.2.6.LTS\lib\</path>
         <kind>archive</kind>
         <file>rtsv7M4_T_le_v4SPD16_eabi.lib</file>
         <name>args_main.c.obj</name>
      </input_file>
   </input_file_list>
   <object_component_list>
      <object_component id="oc-12">
         <name>.intvecs</name>
         <load_address>0x0</load_address>
         <run_address>0x0</run_address>
         <size>0x26c</size>
         <input_file_ref idref="fl-5"/>
      </object_component>
      <object_component id="oc-a4">
         <name>.text</name>
         <load_address>0x26c</load_address>
         <run_address>0x26c</run_address>
         <size>0xcd8</size>
         <input_file_ref idref="fl-2"/>
      </object_component>
      <object_component id="oc-2d">
         <name>.text</name>
         <load_address>0xf44</load_address>
         <run_address>0xf44</run_address>
         <size>0x660</size>
         <input_file_ref idref="fl-3"/>
      </object_component>
      <object_component id="oc-b4">
         <name>.text</name>
         <load_address>0x15a4</load_address>
         <run_address>0x15a4</run_address>
         <size>0x5b0</size>
         <input_file_ref idref="fl-4"/>
      </object_component>
      <object_component id="oc-ca">
         <name>.text</name>
         <load_address>0x1b54</load_address>
         <run_address>0x1b54</run_address>
         <size>0x4dc</size>
         <input_file_ref idref="fl-6"/>
      </object_component>
      <object_component id="oc-203">
         <name>.text:atan</name>
         <load_address>0x2030</load_address>
         <run_address>0x2030</run_address>
         <size>0x2ec</size>
         <input_file_ref idref="fl-cb"/>
      </object_component>
      <object_component id="oc-ba">
         <name>.text:atan2</name>
         <load_address>0x231c</load_address>
         <run_address>0x231c</run_address>
         <size>0x1e4</size>
         <input_file_ref idref="fl-ca"/>
      </object_component>
      <object_component id="oc-8e">
         <name>.text</name>
         <load_address>0x2500</load_address>
         <run_address>0x2500</run_address>
         <size>0x1b6</size>
         <input_file_ref idref="fl-cc"/>
      </object_component>
      <object_component id="oc-c0">
         <name>.text</name>
         <load_address>0x26b6</load_address>
         <run_address>0x26b6</run_address>
         <size>0x136</size>
         <input_file_ref idref="fl-ce"/>
      </object_component>
      <object_component id="oc-237">
         <name>.text:GPIOPadConfigSet</name>
         <load_address>0x27ec</load_address>
         <run_address>0x27ec</run_address>
         <size>0x132</size>
         <input_file_ref idref="fl-d"/>
      </object_component>
      <object_component id="oc-2e3">
         <name>.text</name>
         <load_address>0x291e</load_address>
         <run_address>0x291e</run_address>
         <size>0x2</size>
         <input_file_ref idref="fl-d8"/>
      </object_component>
      <object_component id="oc-fa">
         <name>.text:SysCtlClockGet</name>
         <load_address>0x2920</load_address>
         <run_address>0x2920</run_address>
         <size>0x110</size>
         <input_file_ref idref="fl-11"/>
      </object_component>
      <object_component id="oc-89">
         <name>.text</name>
         <load_address>0x2a30</load_address>
         <run_address>0x2a30</run_address>
         <size>0xfc</size>
         <input_file_ref idref="fl-cf"/>
      </object_component>
      <object_component id="oc-ae">
         <name>.text:SysCtlClockSet</name>
         <load_address>0x2b2c</load_address>
         <run_address>0x2b2c</run_address>
         <size>0xf4</size>
         <input_file_ref idref="fl-11"/>
      </object_component>
      <object_component id="oc-41">
         <name>.text</name>
         <load_address>0x2c20</load_address>
         <run_address>0x2c20</run_address>
         <size>0x9c</size>
         <input_file_ref idref="fl-d9"/>
      </object_component>
      <object_component id="oc-84">
         <name>.text:__aeabi_cdcmple</name>
         <load_address>0x2cbc</load_address>
         <run_address>0x2cbc</run_address>
         <size>0x86</size>
         <input_file_ref idref="fl-cd"/>
      </object_component>
      <object_component id="oc-7f">
         <name>.text:__aeabi_cdrcmple</name>
         <load_address>0x2d42</load_address>
         <run_address>0x2d42</run_address>
         <size>0x86</size>
         <input_file_ref idref="fl-cd"/>
      </object_component>
      <object_component id="oc-131">
         <name>.text:ADCSequenceStepConfigure</name>
         <load_address>0x2dc8</load_address>
         <run_address>0x2dc8</run_address>
         <size>0x7a</size>
         <input_file_ref idref="fl-c"/>
      </object_component>
      <object_component id="oc-93">
         <name>.text</name>
         <load_address>0x2e42</load_address>
         <run_address>0x2e42</run_address>
         <size>0x6e</size>
         <input_file_ref idref="fl-d1"/>
      </object_component>
      <object_component id="oc-119">
         <name>.text:IntEnable</name>
         <load_address>0x2eb0</load_address>
         <run_address>0x2eb0</run_address>
         <size>0x68</size>
         <input_file_ref idref="fl-f"/>
      </object_component>
      <object_component id="oc-15">
         <name>.text:decompress:lzss:__TI_decompress_lzss</name>
         <load_address>0x2f18</load_address>
         <run_address>0x2f18</run_address>
         <size>0x68</size>
         <input_file_ref idref="fl-d6"/>
      </object_component>
      <object_component id="oc-159">
         <name>.text:TimerConfigure</name>
         <load_address>0x2f80</load_address>
         <run_address>0x2f80</run_address>
         <size>0x60</size>
         <input_file_ref idref="fl-12"/>
      </object_component>
      <object_component id="oc-12b">
         <name>.text:ADCSequenceConfigure</name>
         <load_address>0x2fe0</load_address>
         <run_address>0x2fe0</run_address>
         <size>0x50</size>
         <input_file_ref idref="fl-c"/>
      </object_component>
      <object_component id="oc-e2">
         <name>.text:SysCtlPeripheralReset</name>
         <load_address>0x3030</load_address>
         <run_address>0x3030</run_address>
         <size>0x50</size>
         <input_file_ref idref="fl-11"/>
      </object_component>
      <object_component id="oc-100">
         <name>.text:I2CMasterInitExpClk</name>
         <load_address>0x3080</load_address>
         <run_address>0x3080</run_address>
         <size>0x4c</size>
         <input_file_ref idref="fl-e"/>
      </object_component>
      <object_component id="oc-e8">
         <name>.text:GPIOPinConfigure</name>
         <load_address>0x30cc</load_address>
         <run_address>0x30cc</run_address>
         <size>0x48</size>
         <input_file_ref idref="fl-d"/>
      </object_component>
      <object_component id="oc-c5">
         <name>.text</name>
         <load_address>0x3114</load_address>
         <run_address>0x3114</run_address>
         <size>0x48</size>
         <input_file_ref idref="fl-d0"/>
      </object_component>
      <object_component id="oc-28c">
         <name>.text:__TI_auto_init_nobinit_nopinit:__TI_auto_init_nobinit_nopinit</name>
         <load_address>0x315c</load_address>
         <run_address>0x315c</run_address>
         <size>0x44</size>
         <input_file_ref idref="fl-db"/>
      </object_component>
      <object_component id="oc-21b">
         <name>.text</name>
         <load_address>0x31a0</load_address>
         <run_address>0x31a0</run_address>
         <size>0x40</size>
         <input_file_ref idref="fl-d3"/>
      </object_component>
      <object_component id="oc-143">
         <name>.text:SSIConfigSetExpClk</name>
         <load_address>0x31e0</load_address>
         <run_address>0x31e0</run_address>
         <size>0x3c</size>
         <input_file_ref idref="fl-10"/>
      </object_component>
      <object_component id="oc-7a">
         <name>.text</name>
         <load_address>0x321c</load_address>
         <run_address>0x321c</run_address>
         <size>0x38</size>
         <input_file_ref idref="fl-d2"/>
      </object_component>
      <object_component id="oc-1dc">
         <name>.text:I2CMRead</name>
         <load_address>0x3254</load_address>
         <run_address>0x3254</run_address>
         <size>0x36</size>
         <input_file_ref idref="fl-2"/>
      </object_component>
      <object_component id="oc-1d5">
         <name>.text:I2CMWrite</name>
         <load_address>0x328a</load_address>
         <run_address>0x328a</run_address>
         <size>0x36</size>
         <input_file_ref idref="fl-2"/>
      </object_component>
      <object_component id="oc-1e3">
         <name>.text:I2CMWriteBatched</name>
         <load_address>0x32c0</load_address>
         <run_address>0x32c0</run_address>
         <size>0x36</size>
         <input_file_ref idref="fl-2"/>
      </object_component>
      <object_component id="oc-dc">
         <name>.text:SysCtlPeripheralEnable</name>
         <load_address>0x32f8</load_address>
         <run_address>0x32f8</run_address>
         <size>0x34</size>
         <input_file_ref idref="fl-11"/>
      </object_component>
      <object_component id="oc-5f">
         <name>.text:_c_int00_noargs:_c_int00_noargs</name>
         <load_address>0x332c</load_address>
         <run_address>0x332c</run_address>
         <size>0x34</size>
         <input_file_ref idref="fl-d7"/>
      </object_component>
      <object_component id="oc-231">
         <name>.text:GPIODirModeSet</name>
         <load_address>0x3360</load_address>
         <run_address>0x3360</run_address>
         <size>0x2a</size>
         <input_file_ref idref="fl-d"/>
      </object_component>
      <object_component id="oc-4d">
         <name>.text:decompress:ZI:__TI_zero_init_nomemset:__TI_zero_init_nomemset</name>
         <load_address>0x338a</load_address>
         <run_address>0x338a</run_address>
         <size>0x1c</size>
         <input_file_ref idref="fl-d4"/>
      </object_component>
      <object_component id="oc-f4">
         <name>.text:GPIOPinTypeI2C</name>
         <load_address>0x33a6</load_address>
         <run_address>0x33a6</run_address>
         <size>0x12</size>
         <input_file_ref idref="fl-d"/>
      </object_component>
      <object_component id="oc-ee">
         <name>.text:GPIOPinTypeI2CSCL</name>
         <load_address>0x33b8</load_address>
         <run_address>0x33b8</run_address>
         <size>0x12</size>
         <input_file_ref idref="fl-d"/>
      </object_component>
      <object_component id="oc-171">
         <name>.text:GPIOPinTypeSSI</name>
         <load_address>0x33ca</load_address>
         <run_address>0x33ca</run_address>
         <size>0x12</size>
         <input_file_ref idref="fl-d"/>
      </object_component>
      <object_component id="oc-10d">
         <name>.text:GPIOPinTypeUART</name>
         <load_address>0x33dc</load_address>
         <run_address>0x33dc</run_address>
         <size>0x12</size>
         <input_file_ref idref="fl-d"/>
      </object_component>
      <object_component id="oc-14f">
         <name>.text:SSIDataGetNonBlocking</name>
         <load_address>0x33ee</load_address>
         <run_address>0x33ee</run_address>
         <size>0x12</size>
         <input_file_ref idref="fl-10"/>
      </object_component>
      <object_component id="oc-15f">
         <name>.text:TimerLoadSet</name>
         <load_address>0x3400</load_address>
         <run_address>0x3400</run_address>
         <size>0x12</size>
         <input_file_ref idref="fl-12"/>
      </object_component>
      <object_component id="oc-107">
         <name>.text:IntMasterEnable</name>
         <load_address>0x3412</load_address>
         <run_address>0x3412</run_address>
         <size>0x10</size>
         <input_file_ref idref="fl-f"/>
      </object_component>
      <object_component id="oc-137">
         <name>.text:ADCSequenceEnable</name>
         <load_address>0x3422</load_address>
         <run_address>0x3422</run_address>
         <size>0xe</size>
         <input_file_ref idref="fl-c"/>
      </object_component>
      <object_component id="oc-16b">
         <name>.text:TimerEnable</name>
         <load_address>0x3430</load_address>
         <run_address>0x3430</run_address>
         <size>0xe</size>
         <input_file_ref idref="fl-12"/>
      </object_component>
      <object_component id="oc-1b">
         <name>.text:decompress:none:__TI_decompress_none</name>
         <load_address>0x343e</load_address>
         <run_address>0x343e</run_address>
         <size>0xe</size>
         <input_file_ref idref="fl-d5"/>
      </object_component>
      <object_component id="oc-24b">
         <name>.text:CPUcpsie</name>
         <load_address>0x344c</load_address>
         <run_address>0x344c</run_address>
         <size>0xc</size>
         <input_file_ref idref="fl-14"/>
      </object_component>
      <object_component id="oc-1cf">
         <name>.text:IntTrigger</name>
         <load_address>0x3458</load_address>
         <run_address>0x3458</run_address>
         <size>0xc</size>
         <input_file_ref idref="fl-f"/>
      </object_component>
      <object_component id="oc-27">
         <name>.text</name>
         <load_address>0x3464</load_address>
         <run_address>0x3464</run_address>
         <size>0xc</size>
         <input_file_ref idref="fl-5"/>
      </object_component>
      <object_component id="oc-13d">
         <name>.text:ADCIntClear</name>
         <load_address>0x3470</load_address>
         <run_address>0x3470</run_address>
         <size>0xa</size>
         <input_file_ref idref="fl-c"/>
      </object_component>
      <object_component id="oc-243">
         <name>.text:I2CMasterEnable</name>
         <load_address>0x347a</load_address>
         <run_address>0x347a</run_address>
         <size>0xa</size>
         <input_file_ref idref="fl-e"/>
      </object_component>
      <object_component id="oc-98">
         <name>.text:SSIDataPut</name>
         <load_address>0x3484</load_address>
         <run_address>0x3484</run_address>
         <size>0xa</size>
         <input_file_ref idref="fl-10"/>
      </object_component>
      <object_component id="oc-149">
         <name>.text:SSIEnable</name>
         <load_address>0x348e</load_address>
         <run_address>0x348e</run_address>
         <size>0xa</size>
         <input_file_ref idref="fl-10"/>
      </object_component>
      <object_component id="oc-9e">
         <name>.text:SSIBusy</name>
         <load_address>0x3498</load_address>
         <run_address>0x3498</run_address>
         <size>0x8</size>
         <input_file_ref idref="fl-10"/>
      </object_component>
      <object_component id="oc-165">
         <name>.text:TimerIntEnable</name>
         <load_address>0x34a0</load_address>
         <run_address>0x34a0</run_address>
         <size>0x8</size>
         <input_file_ref idref="fl-12"/>
      </object_component>
      <object_component id="oc-11f">
         <name>.text:UARTIntEnable</name>
         <load_address>0x34a8</load_address>
         <run_address>0x34a8</run_address>
         <size>0x8</size>
         <input_file_ref idref="fl-13"/>
      </object_component>
      <object_component id="oc-1f8">
         <name>.text:SysCtlDelay</name>
         <load_address>0x34b0</load_address>
         <run_address>0x34b0</run_address>
         <size>0x6</size>
         <input_file_ref idref="fl-11"/>
      </object_component>
      <object_component id="oc-113">
         <name>.text:UARTClockSourceSet</name>
         <load_address>0x34b6</load_address>
         <run_address>0x34b6</run_address>
         <size>0x6</size>
         <input_file_ref idref="fl-13"/>
      </object_component>
      <object_component id="oc-74">
         <name>.text:TimerIntClear</name>
         <load_address>0x34bc</load_address>
         <run_address>0x34bc</run_address>
         <size>0x4</size>
         <input_file_ref idref="fl-12"/>
      </object_component>
      <object_component id="oc-1ad">
         <name>.text:_system_pre_init</name>
         <load_address>0x34c0</load_address>
         <run_address>0x34c0</run_address>
         <size>0x4</size>
         <input_file_ref idref="fl-dc"/>
      </object_component>
      <object_component id="oc-280">
         <name>.text:abort:abort</name>
         <load_address>0x34c4</load_address>
         <run_address>0x34c4</run_address>
         <size>0x4</size>
         <input_file_ref idref="fl-de"/>
      </object_component>
      <object_component id="oc-2d2">
         <name>.const:$O1$$</name>
         <load_address>0x34c8</load_address>
         <run_address>0x34c8</run_address>
         <size>0x98</size>
         <input_file_ref idref="fl-cb"/>
      </object_component>
      <object_component id="oc-22c">
         <name>.const:g_pui32GPIOBaseAddrs</name>
         <load_address>0x3560</load_address>
         <run_address>0x3560</run_address>
         <size>0x90</size>
         <input_file_ref idref="fl-d"/>
      </object_component>
      <object_component id="oc-255">
         <name>.const</name>
         <load_address>0x35f0</load_address>
         <run_address>0x35f0</run_address>
         <size>0x70</size>
         <input_file_ref idref="fl-f"/>
      </object_component>
      <object_component id="oc-23f">
         <name>.const:g_pui32Xtals</name>
         <load_address>0x3660</load_address>
         <run_address>0x3660</run_address>
         <size>0x6c</size>
         <input_file_ref idref="fl-11"/>
      </object_component>
      <object_component id="oc-2e9">
         <name>.const:.string</name>
         <load_address>0x36cc</load_address>
         <run_address>0x36cc</run_address>
         <size>0x12</size>
         <input_file_ref idref="fl-6"/>
      </object_component>
      <object_component id="oc-1fb">
         <name>.const:g_fMPU6050AccelFactors</name>
         <load_address>0x36e0</load_address>
         <run_address>0x36e0</run_address>
         <size>0x10</size>
         <input_file_ref idref="fl-4"/>
      </object_component>
      <object_component id="oc-1fe">
         <name>.const:g_fMPU6050GyroFactors</name>
         <load_address>0x36f0</load_address>
         <run_address>0x36f0</run_address>
         <size>0x10</size>
         <input_file_ref idref="fl-4"/>
      </object_component>
      <object_component id="oc-218">
         <name>.const:g_ui32UARTBase</name>
         <load_address>0x3700</load_address>
         <run_address>0x3700</run_address>
         <size>0xc</size>
         <input_file_ref idref="fl-6"/>
      </object_component>
      <object_component id="oc-212">
         <name>.const:g_ui32UARTPeriph</name>
         <load_address>0x370c</load_address>
         <run_address>0x370c</run_address>
         <size>0xc</size>
         <input_file_ref idref="fl-6"/>
      </object_component>
      <object_component id="oc-220">
         <name>.const</name>
         <load_address>0x3718</load_address>
         <run_address>0x3718</run_address>
         <size>0x4</size>
         <input_file_ref idref="fl-6"/>
      </object_component>
      <object_component id="oc-384">
         <name>.cinit..data.load</name>
         <load_address>0x3720</load_address>
         <run_address>0x3720</run_address>
         <size>0xc</size>
      </object_component>
      <object_component id="oc-382">
         <name>__TI_handler_table</name>
         <load_address>0x372c</load_address>
         <run_address>0x372c</run_address>
         <size>0xc</size>
      </object_component>
      <object_component id="oc-385">
         <name>.cinit..bss.load</name>
         <load_address>0x3738</load_address>
         <run_address>0x3738</run_address>
         <size>0x8</size>
      </object_component>
      <object_component id="oc-383">
         <name>__TI_cinit_table</name>
         <load_address>0x3740</load_address>
         <run_address>0x3740</run_address>
         <size>0x10</size>
      </object_component>
      <object_component id="oc-177">
         <name>.data</name>
         <load_address>0x200003c8</load_address>
         <run_address>0x200003c8</run_address>
         <size>0x1a</size>
         <input_file_ref idref="fl-3"/>
      </object_component>
      <object_component id="oc-215">
         <name>.data</name>
         <load_address>0x200003e4</load_address>
         <run_address>0x200003e4</run_address>
         <size>0x5</size>
         <input_file_ref idref="fl-6"/>
      </object_component>
      <object_component id="oc-aa">
         <name>.common:rk</name>
         <uninitialized>true</uninitialized>
         <run_address>0x20000398</run_address>
         <size>0x4</size>
      </object_component>
      <object_component id="oc-ad">
         <name>.common:yk</name>
         <uninitialized>true</uninitialized>
         <run_address>0x200003b4</run_address>
         <size>0x4</size>
      </object_component>
      <object_component id="oc-d3">
         <name>.common:e_k_1</name>
         <uninitialized>true</uninitialized>
         <run_address>0x20000384</run_address>
         <size>0x4</size>
      </object_component>
      <object_component id="oc-d1">
         <name>.common:e_k</name>
         <uninitialized>true</uninitialized>
         <run_address>0x20000380</run_address>
         <size>0x4</size>
      </object_component>
      <object_component id="oc-d4">
         <name>.common:Ek</name>
         <uninitialized>true</uninitialized>
         <run_address>0x20000374</run_address>
         <size>0x4</size>
      </object_component>
      <object_component id="oc-d2">
         <name>.common:eD</name>
         <uninitialized>true</uninitialized>
         <run_address>0x2000037c</run_address>
         <size>0x4</size>
      </object_component>
      <object_component id="oc-d5">
         <name>.common:u_k</name>
         <uninitialized>true</uninitialized>
         <run_address>0x2000039c</run_address>
         <size>0x4</size>
      </object_component>
      <object_component id="oc-d7">
         <name>.common:kP</name>
         <uninitialized>true</uninitialized>
         <run_address>0x20000394</run_address>
         <size>0x4</size>
      </object_component>
      <object_component id="oc-d8">
         <name>.common:kI</name>
         <uninitialized>true</uninitialized>
         <run_address>0x20000390</run_address>
         <size>0x4</size>
      </object_component>
      <object_component id="oc-d6">
         <name>.common:kD</name>
         <uninitialized>true</uninitialized>
         <run_address>0x2000038c</run_address>
         <size>0x4</size>
      </object_component>
      <object_component id="oc-d9">
         <name>.common:u_k2</name>
         <uninitialized>true</uninitialized>
         <run_address>0x200003a0</run_address>
         <size>0x4</size>
      </object_component>
      <object_component id="oc-125">
         <name>.common:g_bMPU6050Done</name>
         <uninitialized>true</uninitialized>
         <run_address>0x200003c4</run_address>
         <size>0x1</size>
      </object_component>
      <object_component id="oc-106">
         <name>.common:g_sI2CMSimpleInst</name>
         <uninitialized>true</uninitialized>
         <run_address>0x20000200</run_address>
         <size>0x124</size>
      </object_component>
      <object_component id="oc-126">
         <name>.common:sMPU6050</name>
         <uninitialized>true</uninitialized>
         <run_address>0x20000324</run_address>
         <size>0x38</size>
      </object_component>
      <object_component id="oc-127">
         <name>.common:fAccel</name>
         <uninitialized>true</uninitialized>
         <run_address>0x2000035c</run_address>
         <size>0xc</size>
      </object_component>
      <object_component id="oc-128">
         <name>.common:fGyro</name>
         <uninitialized>true</uninitialized>
         <run_address>0x20000368</run_address>
         <size>0xc</size>
      </object_component>
      <object_component id="oc-156">
         <name>.common:x1</name>
         <uninitialized>true</uninitialized>
         <run_address>0x200003a4</run_address>
         <size>0x4</size>
      </object_component>
      <object_component id="oc-157">
         <name>.common:y1</name>
         <uninitialized>true</uninitialized>
         <run_address>0x200003ac</run_address>
         <size>0x4</size>
      </object_component>
      <object_component id="oc-158">
         <name>.common:z1</name>
         <uninitialized>true</uninitialized>
         <run_address>0x200003b8</run_address>
         <size>0x4</size>
      </object_component>
      <object_component id="oc-129">
         <name>.common:x2</name>
         <uninitialized>true</uninitialized>
         <run_address>0x200003a8</run_address>
         <size>0x4</size>
      </object_component>
      <object_component id="oc-12a">
         <name>.common:y2</name>
         <uninitialized>true</uninitialized>
         <run_address>0x200003b0</run_address>
         <size>0x4</size>
      </object_component>
      <object_component id="oc-155">
         <name>.common:z2</name>
         <uninitialized>true</uninitialized>
         <run_address>0x200003bc</run_address>
         <size>0x4</size>
      </object_component>
      <object_component id="oc-d0">
         <name>.common:ay</name>
         <uninitialized>true</uninitialized>
         <run_address>0x20000378</run_address>
         <size>0x4</size>
      </object_component>
      <object_component id="oc-db">
         <name>.common:data</name>
         <uninitialized>true</uninitialized>
         <run_address>0x200003c0</run_address>
         <size>0x2</size>
      </object_component>
      <object_component id="oc-da">
         <name>.common:val</name>
         <uninitialized>true</uninitialized>
         <run_address>0x200003c2</run_address>
         <size>0x2</size>
      </object_component>
      <object_component id="oc-17a">
         <name>.common:g_pui32residual</name>
         <uninitialized>true</uninitialized>
         <run_address>0x20000388</run_address>
         <size>0x4</size>
      </object_component>
      <object_component id="oc-24">
         <name>.stack</name>
         <uninitialized>true</uninitialized>
         <run_address>0x20000000</run_address>
         <size>0x4</size>
         <input_file_ref idref="fl-d7"/>
      </object_component>
      <object_component id="oc-387">
         <name>.stack</name>
         <uninitialized>true</uninitialized>
         <run_address>0x20000000</run_address>
         <size>0x0</size>
      </object_component>
      <object_component id="oc-1eb">
         <name>.debug_info</name>
         <load_address>0x0</load_address>
         <run_address>0x0</run_address>
         <size>0x360</size>
         <input_file_ref idref="fl-2"/>
      </object_component>
      <object_component id="oc-1d7">
         <name>.debug_info</name>
         <load_address>0x360</load_address>
         <run_address>0x360</run_address>
         <size>0x2ca</size>
         <input_file_ref idref="fl-2"/>
      </object_component>
      <object_component id="oc-1dd">
         <name>.debug_info</name>
         <load_address>0x62a</load_address>
         <run_address>0x62a</run_address>
         <size>0x336</size>
         <input_file_ref idref="fl-2"/>
      </object_component>
      <object_component id="oc-1e5">
         <name>.debug_info</name>
         <load_address>0x960</load_address>
         <run_address>0x960</run_address>
         <size>0x2fc</size>
         <input_file_ref idref="fl-2"/>
      </object_component>
      <object_component id="oc-a6">
         <name>.debug_info</name>
         <load_address>0xc5c</load_address>
         <run_address>0xc5c</run_address>
         <size>0x2de7</size>
         <input_file_ref idref="fl-2"/>
      </object_component>
      <object_component id="oc-1ee">
         <name>.debug_info</name>
         <load_address>0x3a43</load_address>
         <run_address>0x3a43</run_address>
         <size>0x4e6</size>
         <input_file_ref idref="fl-2"/>
      </object_component>
      <object_component id="oc-18d">
         <name>.debug_info</name>
         <load_address>0x3f29</load_address>
         <run_address>0x3f29</run_address>
         <size>0x26b</size>
         <input_file_ref idref="fl-2"/>
      </object_component>
      <object_component id="oc-181">
         <name>.debug_info</name>
         <load_address>0x4194</load_address>
         <run_address>0x4194</run_address>
         <size>0x8b</size>
         <input_file_ref idref="fl-2"/>
      </object_component>
      <object_component id="oc-26b">
         <name>.debug_info</name>
         <load_address>0x421f</load_address>
         <run_address>0x421f</run_address>
         <size>0x2a4</size>
         <input_file_ref idref="fl-2"/>
      </object_component>
      <object_component id="oc-186">
         <name>.debug_info</name>
         <load_address>0x44c3</load_address>
         <run_address>0x44c3</run_address>
         <size>0xef</size>
         <input_file_ref idref="fl-2"/>
      </object_component>
      <object_component id="oc-17c">
         <name>.debug_info</name>
         <load_address>0x45b2</load_address>
         <run_address>0x45b2</run_address>
         <size>0xbb</size>
         <input_file_ref idref="fl-2"/>
      </object_component>
      <object_component id="oc-ab">
         <name>.debug_info</name>
         <load_address>0x466d</load_address>
         <run_address>0x466d</run_address>
         <size>0xf0e</size>
         <input_file_ref idref="fl-3"/>
      </object_component>
      <object_component id="oc-178">
         <name>.debug_info</name>
         <load_address>0x557b</load_address>
         <run_address>0x557b</run_address>
         <size>0x159</size>
         <input_file_ref idref="fl-3"/>
      </object_component>
      <object_component id="oc-2e">
         <name>.debug_info</name>
         <load_address>0x56d4</load_address>
         <run_address>0x56d4</run_address>
         <size>0xb8b</size>
         <input_file_ref idref="fl-3"/>
      </object_component>
      <object_component id="oc-1f3">
         <name>.debug_info</name>
         <load_address>0x625f</load_address>
         <run_address>0x625f</run_address>
         <size>0x158</size>
         <input_file_ref idref="fl-3"/>
      </object_component>
      <object_component id="oc-225">
         <name>.debug_info</name>
         <load_address>0x63b7</load_address>
         <run_address>0x63b7</run_address>
         <size>0x2c</size>
         <input_file_ref idref="fl-3"/>
      </object_component>
      <object_component id="oc-202">
         <name>.debug_info</name>
         <load_address>0x63e3</load_address>
         <run_address>0x63e3</run_address>
         <size>0x4bb</size>
         <input_file_ref idref="fl-4"/>
      </object_component>
      <object_component id="oc-1fc">
         <name>.debug_info</name>
         <load_address>0x689e</load_address>
         <run_address>0x689e</run_address>
         <size>0x13b</size>
         <input_file_ref idref="fl-4"/>
      </object_component>
      <object_component id="oc-1ff">
         <name>.debug_info</name>
         <load_address>0x69d9</load_address>
         <run_address>0x69d9</run_address>
         <size>0x139</size>
         <input_file_ref idref="fl-4"/>
      </object_component>
      <object_component id="oc-b8">
         <name>.debug_info</name>
         <load_address>0x6b12</load_address>
         <run_address>0x6b12</run_address>
         <size>0x13e0</size>
         <input_file_ref idref="fl-4"/>
      </object_component>
      <object_component id="oc-3c">
         <name>.debug_info</name>
         <load_address>0x7ef2</load_address>
         <run_address>0x7ef2</run_address>
         <size>0x84</size>
         <input_file_ref idref="fl-4"/>
      </object_component>
      <object_component id="oc-35">
         <name>.debug_info</name>
         <load_address>0x7f76</load_address>
         <run_address>0x7f76</run_address>
         <size>0x308</size>
         <input_file_ref idref="fl-5"/>
      </object_component>
      <object_component id="oc-13">
         <name>.debug_info</name>
         <load_address>0x827e</load_address>
         <run_address>0x827e</run_address>
         <size>0xef</size>
         <input_file_ref idref="fl-5"/>
      </object_component>
      <object_component id="oc-28">
         <name>.debug_info</name>
         <load_address>0x836d</load_address>
         <run_address>0x836d</run_address>
         <size>0x26b</size>
         <input_file_ref idref="fl-5"/>
      </object_component>
      <object_component id="oc-224">
         <name>.debug_info</name>
         <load_address>0x85d8</load_address>
         <run_address>0x85d8</run_address>
         <size>0x2bf</size>
         <input_file_ref idref="fl-6"/>
      </object_component>
      <object_component id="oc-216">
         <name>.debug_info</name>
         <load_address>0x8897</load_address>
         <run_address>0x8897</run_address>
         <size>0x100</size>
         <input_file_ref idref="fl-6"/>
      </object_component>
      <object_component id="oc-221">
         <name>.debug_info</name>
         <load_address>0x8997</load_address>
         <run_address>0x8997</run_address>
         <size>0xfa</size>
         <input_file_ref idref="fl-6"/>
      </object_component>
      <object_component id="oc-219">
         <name>.debug_info</name>
         <load_address>0x8a91</load_address>
         <run_address>0x8a91</run_address>
         <size>0x108</size>
         <input_file_ref idref="fl-6"/>
      </object_component>
      <object_component id="oc-213">
         <name>.debug_info</name>
         <load_address>0x8b99</load_address>
         <run_address>0x8b99</run_address>
         <size>0x10c</size>
         <input_file_ref idref="fl-6"/>
      </object_component>
      <object_component id="oc-ce">
         <name>.debug_info</name>
         <load_address>0x8ca5</load_address>
         <run_address>0x8ca5</run_address>
         <size>0x8e4</size>
         <input_file_ref idref="fl-6"/>
      </object_component>
      <object_component id="oc-25c">
         <name>.debug_info</name>
         <load_address>0x9589</load_address>
         <run_address>0x9589</run_address>
         <size>0x24d</size>
         <input_file_ref idref="fl-c"/>
      </object_component>
      <object_component id="oc-135">
         <name>.debug_info</name>
         <load_address>0x97d6</load_address>
         <run_address>0x97d6</run_address>
         <size>0x333</size>
         <input_file_ref idref="fl-c"/>
      </object_component>
      <object_component id="oc-13b">
         <name>.debug_info</name>
         <load_address>0x9b09</load_address>
         <run_address>0x9b09</run_address>
         <size>0x2a0</size>
         <input_file_ref idref="fl-c"/>
      </object_component>
      <object_component id="oc-12e">
         <name>.debug_info</name>
         <load_address>0x9da9</load_address>
         <run_address>0x9da9</run_address>
         <size>0x326</size>
         <input_file_ref idref="fl-c"/>
      </object_component>
      <object_component id="oc-140">
         <name>.debug_info</name>
         <load_address>0xa0cf</load_address>
         <run_address>0xa0cf</run_address>
         <size>0x294</size>
         <input_file_ref idref="fl-c"/>
      </object_component>
      <object_component id="oc-1c0">
         <name>.debug_info</name>
         <load_address>0xa363</load_address>
         <run_address>0xa363</run_address>
         <size>0x18b</size>
         <input_file_ref idref="fl-c"/>
      </object_component>
      <object_component id="oc-230">
         <name>.debug_info</name>
         <load_address>0xa4ee</load_address>
         <run_address>0xa4ee</run_address>
         <size>0x240</size>
         <input_file_ref idref="fl-d"/>
      </object_component>
      <object_component id="oc-22d">
         <name>.debug_info</name>
         <load_address>0xa72e</load_address>
         <run_address>0xa72e</run_address>
         <size>0x15b</size>
         <input_file_ref idref="fl-d"/>
      </object_component>
      <object_component id="oc-233">
         <name>.debug_info</name>
         <load_address>0xa889</load_address>
         <run_address>0xa889</run_address>
         <size>0x2b3</size>
         <input_file_ref idref="fl-d"/>
      </object_component>
      <object_component id="oc-239">
         <name>.debug_info</name>
         <load_address>0xab3c</load_address>
         <run_address>0xab3c</run_address>
         <size>0x316</size>
         <input_file_ref idref="fl-d"/>
      </object_component>
      <object_component id="oc-10f">
         <name>.debug_info</name>
         <load_address>0xae52</load_address>
         <run_address>0xae52</run_address>
         <size>0x27b</size>
         <input_file_ref idref="fl-d"/>
      </object_component>
      <object_component id="oc-173">
         <name>.debug_info</name>
         <load_address>0xb0cd</load_address>
         <run_address>0xb0cd</run_address>
         <size>0x279</size>
         <input_file_ref idref="fl-d"/>
      </object_component>
      <object_component id="oc-f0">
         <name>.debug_info</name>
         <load_address>0xb346</load_address>
         <run_address>0xb346</run_address>
         <size>0x27f</size>
         <input_file_ref idref="fl-d"/>
      </object_component>
      <object_component id="oc-f6">
         <name>.debug_info</name>
         <load_address>0xb5c5</load_address>
         <run_address>0xb5c5</run_address>
         <size>0x279</size>
         <input_file_ref idref="fl-d"/>
      </object_component>
      <object_component id="oc-ea">
         <name>.debug_info</name>
         <load_address>0xb83e</load_address>
         <run_address>0xb83e</run_address>
         <size>0x280</size>
         <input_file_ref idref="fl-d"/>
      </object_component>
      <object_component id="oc-24a">
         <name>.debug_info</name>
         <load_address>0xbabe</load_address>
         <run_address>0xbabe</run_address>
         <size>0x231</size>
         <input_file_ref idref="fl-e"/>
      </object_component>
      <object_component id="oc-244">
         <name>.debug_info</name>
         <load_address>0xbcef</load_address>
         <run_address>0xbcef</run_address>
         <size>0x24e</size>
         <input_file_ref idref="fl-e"/>
      </object_component>
      <object_component id="oc-101">
         <name>.debug_info</name>
         <load_address>0xbf3d</load_address>
         <run_address>0xbf3d</run_address>
         <size>0x2d5</size>
         <input_file_ref idref="fl-e"/>
      </object_component>
      <object_component id="oc-259">
         <name>.debug_info</name>
         <load_address>0xc212</load_address>
         <run_address>0xc212</run_address>
         <size>0x20e</size>
         <input_file_ref idref="fl-f"/>
      </object_component>
      <object_component id="oc-256">
         <name>.debug_info</name>
         <load_address>0xc420</load_address>
         <run_address>0xc420</run_address>
         <size>0x210</size>
         <input_file_ref idref="fl-f"/>
      </object_component>
      <object_component id="oc-1d1">
         <name>.debug_info</name>
         <load_address>0xc630</load_address>
         <run_address>0xc630</run_address>
         <size>0x26a</size>
         <input_file_ref idref="fl-f"/>
      </object_component>
      <object_component id="oc-109">
         <name>.debug_info</name>
         <load_address>0xc89a</load_address>
         <run_address>0xc89a</run_address>
         <size>0x23e</size>
         <input_file_ref idref="fl-f"/>
      </object_component>
      <object_component id="oc-11b">
         <name>.debug_info</name>
         <load_address>0xcad8</load_address>
         <run_address>0xcad8</run_address>
         <size>0x268</size>
         <input_file_ref idref="fl-f"/>
      </object_component>
      <object_component id="oc-1cd">
         <name>.debug_info</name>
         <load_address>0xcd40</load_address>
         <run_address>0xcd40</run_address>
         <size>0x21c</size>
         <input_file_ref idref="fl-10"/>
      </object_component>
      <object_component id="oc-14a">
         <name>.debug_info</name>
         <load_address>0xcf5c</load_address>
         <run_address>0xcf5c</run_address>
         <size>0x242</size>
         <input_file_ref idref="fl-10"/>
      </object_component>
      <object_component id="oc-9b">
         <name>.debug_info</name>
         <load_address>0xd19e</load_address>
         <run_address>0xd19e</run_address>
         <size>0x276</size>
         <input_file_ref idref="fl-10"/>
      </object_component>
      <object_component id="oc-152">
         <name>.debug_info</name>
         <load_address>0xd414</load_address>
         <run_address>0xd414</run_address>
         <size>0x29a</size>
         <input_file_ref idref="fl-10"/>
      </object_component>
      <object_component id="oc-145">
         <name>.debug_info</name>
         <load_address>0xd6ae</load_address>
         <run_address>0xd6ae</run_address>
         <size>0x3d9</size>
         <input_file_ref idref="fl-10"/>
      </object_component>
      <object_component id="oc-9f">
         <name>.debug_info</name>
         <load_address>0xda87</load_address>
         <run_address>0xda87</run_address>
         <size>0x242</size>
         <input_file_ref idref="fl-10"/>
      </object_component>
      <object_component id="oc-1fa">
         <name>.debug_info</name>
         <load_address>0xdcc9</load_address>
         <run_address>0xdcc9</run_address>
         <size>0x298</size>
         <input_file_ref idref="fl-11"/>
      </object_component>
      <object_component id="oc-240">
         <name>.debug_info</name>
         <load_address>0xdf61</load_address>
         <run_address>0xdf61</run_address>
         <size>0x14d</size>
         <input_file_ref idref="fl-11"/>
      </object_component>
      <object_component id="oc-e3">
         <name>.debug_info</name>
         <load_address>0xe0ae</load_address>
         <run_address>0xe0ae</run_address>
         <size>0x295</size>
         <input_file_ref idref="fl-11"/>
      </object_component>
      <object_component id="oc-dd">
         <name>.debug_info</name>
         <load_address>0xe343</load_address>
         <run_address>0xe343</run_address>
         <size>0x27d</size>
         <input_file_ref idref="fl-11"/>
      </object_component>
      <object_component id="oc-af">
         <name>.debug_info</name>
         <load_address>0xe5c0</load_address>
         <run_address>0xe5c0</run_address>
         <size>0x2db</size>
         <input_file_ref idref="fl-11"/>
      </object_component>
      <object_component id="oc-fb">
         <name>.debug_info</name>
         <load_address>0xe89b</load_address>
         <run_address>0xe89b</run_address>
         <size>0x2b5</size>
         <input_file_ref idref="fl-11"/>
      </object_component>
      <object_component id="oc-2c7">
         <name>.debug_info</name>
         <load_address>0xeb50</load_address>
         <run_address>0xeb50</run_address>
         <size>0x5f</size>
         <input_file_ref idref="fl-11"/>
      </object_component>
      <object_component id="oc-1c5">
         <name>.debug_info</name>
         <load_address>0xebaf</load_address>
         <run_address>0xebaf</run_address>
         <size>0x223</size>
         <input_file_ref idref="fl-12"/>
      </object_component>
      <object_component id="oc-160">
         <name>.debug_info</name>
         <load_address>0xedd2</load_address>
         <run_address>0xedd2</run_address>
         <size>0x2ba</size>
         <input_file_ref idref="fl-12"/>
      </object_component>
      <object_component id="oc-167">
         <name>.debug_info</name>
         <load_address>0xf08c</load_address>
         <run_address>0xf08c</run_address>
         <size>0x294</size>
         <input_file_ref idref="fl-12"/>
      </object_component>
      <object_component id="oc-75">
         <name>.debug_info</name>
         <load_address>0xf320</load_address>
         <run_address>0xf320</run_address>
         <size>0x292</size>
         <input_file_ref idref="fl-12"/>
      </object_component>
      <object_component id="oc-16c">
         <name>.debug_info</name>
         <load_address>0xf5b2</load_address>
         <run_address>0xf5b2</run_address>
         <size>0x27f</size>
         <input_file_ref idref="fl-12"/>
      </object_component>
      <object_component id="oc-15a">
         <name>.debug_info</name>
         <load_address>0xf831</load_address>
         <run_address>0xf831</run_address>
         <size>0x28c</size>
         <input_file_ref idref="fl-12"/>
      </object_component>
      <object_component id="oc-254">
         <name>.debug_info</name>
         <load_address>0xfabd</load_address>
         <run_address>0xfabd</run_address>
         <size>0x227</size>
         <input_file_ref idref="fl-13"/>
      </object_component>
      <object_component id="oc-120">
         <name>.debug_info</name>
         <load_address>0xfce4</load_address>
         <run_address>0xfce4</run_address>
         <size>0x28f</size>
         <input_file_ref idref="fl-13"/>
      </object_component>
      <object_component id="oc-114">
         <name>.debug_info</name>
         <load_address>0xff73</load_address>
         <run_address>0xff73</run_address>
         <size>0x291</size>
         <input_file_ref idref="fl-13"/>
      </object_component>
      <object_component id="oc-24c">
         <name>.debug_info</name>
         <load_address>0x10204</load_address>
         <run_address>0x10204</run_address>
         <size>0x212</size>
         <input_file_ref idref="fl-14"/>
      </object_component>
      <object_component id="oc-20a">
         <name>.debug_info</name>
         <load_address>0x10416</load_address>
         <run_address>0x10416</run_address>
         <size>0x2a9</size>
         <input_file_ref idref="fl-ca"/>
      </object_component>
      <object_component id="oc-bb">
         <name>.debug_info</name>
         <load_address>0x106bf</load_address>
         <run_address>0x106bf</run_address>
         <size>0x247</size>
         <input_file_ref idref="fl-ca"/>
      </object_component>
      <object_component id="oc-2d8">
         <name>.debug_info</name>
         <load_address>0x10906</load_address>
         <run_address>0x10906</run_address>
         <size>0x46</size>
         <input_file_ref idref="fl-ca"/>
      </object_component>
      <object_component id="oc-20b">
         <name>.debug_info</name>
         <load_address>0x1094c</load_address>
         <run_address>0x1094c</run_address>
         <size>0x39</size>
         <input_file_ref idref="fl-ca"/>
      </object_component>
      <object_component id="oc-324">
         <name>.debug_info</name>
         <load_address>0x10985</load_address>
         <run_address>0x10985</run_address>
         <size>0x2f2</size>
         <input_file_ref idref="fl-cb"/>
      </object_component>
      <object_component id="oc-2d3">
         <name>.debug_info</name>
         <load_address>0x10c77</load_address>
         <run_address>0x10c77</run_address>
         <size>0x131</size>
         <input_file_ref idref="fl-cb"/>
      </object_component>
      <object_component id="oc-204">
         <name>.debug_info</name>
         <load_address>0x10da8</load_address>
         <run_address>0x10da8</run_address>
         <size>0x4ac</size>
         <input_file_ref idref="fl-cb"/>
      </object_component>
      <object_component id="oc-8f">
         <name>.debug_info</name>
         <load_address>0x11254</load_address>
         <run_address>0x11254</run_address>
         <size>0x14c</size>
         <input_file_ref idref="fl-cc"/>
      </object_component>
      <object_component id="oc-87">
         <name>.debug_info</name>
         <load_address>0x113a0</load_address>
         <run_address>0x113a0</run_address>
         <size>0x128</size>
         <input_file_ref idref="fl-cd"/>
      </object_component>
      <object_component id="oc-80">
         <name>.debug_info</name>
         <load_address>0x114c8</load_address>
         <run_address>0x114c8</run_address>
         <size>0x12a</size>
         <input_file_ref idref="fl-cd"/>
      </object_component>
      <object_component id="oc-c3">
         <name>.debug_info</name>
         <load_address>0x115f2</load_address>
         <run_address>0x115f2</run_address>
         <size>0x13a</size>
         <input_file_ref idref="fl-ce"/>
      </object_component>
      <object_component id="oc-8a">
         <name>.debug_info</name>
         <load_address>0x1172c</load_address>
         <run_address>0x1172c</run_address>
         <size>0x13a</size>
         <input_file_ref idref="fl-cf"/>
      </object_component>
      <object_component id="oc-c6">
         <name>.debug_info</name>
         <load_address>0x11866</load_address>
         <run_address>0x11866</run_address>
         <size>0x12e</size>
         <input_file_ref idref="fl-d0"/>
      </object_component>
      <object_component id="oc-96">
         <name>.debug_info</name>
         <load_address>0x11994</load_address>
         <run_address>0x11994</run_address>
         <size>0x13e</size>
         <input_file_ref idref="fl-d1"/>
      </object_component>
      <object_component id="oc-7b">
         <name>.debug_info</name>
         <load_address>0x11ad2</load_address>
         <run_address>0x11ad2</run_address>
         <size>0x12c</size>
         <input_file_ref idref="fl-d2"/>
      </object_component>
      <object_component id="oc-21d">
         <name>.debug_info</name>
         <load_address>0x11bfe</load_address>
         <run_address>0x11bfe</run_address>
         <size>0x142</size>
         <input_file_ref idref="fl-d3"/>
      </object_component>
      <object_component id="oc-1a6">
         <name>.debug_info</name>
         <load_address>0x11d40</load_address>
         <run_address>0x11d40</run_address>
         <size>0x2d4</size>
         <input_file_ref idref="fl-d4"/>
      </object_component>
      <object_component id="oc-4e">
         <name>.debug_info</name>
         <load_address>0x12014</load_address>
         <run_address>0x12014</run_address>
         <size>0x1d2</size>
         <input_file_ref idref="fl-d4"/>
      </object_component>
      <object_component id="oc-1a1">
         <name>.debug_info</name>
         <load_address>0x121e6</load_address>
         <run_address>0x121e6</run_address>
         <size>0x46</size>
         <input_file_ref idref="fl-d4"/>
      </object_component>
      <object_component id="oc-277">
         <name>.debug_info</name>
         <load_address>0x1222c</load_address>
         <run_address>0x1222c</run_address>
         <size>0x2c</size>
         <input_file_ref idref="fl-d4"/>
      </object_component>
      <object_component id="oc-4c">
         <name>.debug_info</name>
         <load_address>0x12258</load_address>
         <run_address>0x12258</run_address>
         <size>0x2a8</size>
         <input_file_ref idref="fl-d5"/>
      </object_component>
      <object_component id="oc-1f">
         <name>.debug_info</name>
         <load_address>0x12500</load_address>
         <run_address>0x12500</run_address>
         <size>0x1ea</size>
         <input_file_ref idref="fl-d5"/>
      </object_component>
      <object_component id="oc-47">
         <name>.debug_info</name>
         <load_address>0x126ea</load_address>
         <run_address>0x126ea</run_address>
         <size>0x46</size>
         <input_file_ref idref="fl-d5"/>
      </object_component>
      <object_component id="oc-199">
         <name>.debug_info</name>
         <load_address>0x12730</load_address>
         <run_address>0x12730</run_address>
         <size>0x2c</size>
         <input_file_ref idref="fl-d5"/>
      </object_component>
      <object_component id="oc-197">
         <name>.debug_info</name>
         <load_address>0x1275c</load_address>
         <run_address>0x1275c</run_address>
         <size>0x29e</size>
         <input_file_ref idref="fl-d6"/>
      </object_component>
      <object_component id="oc-18">
         <name>.debug_info</name>
         <load_address>0x129fa</load_address>
         <run_address>0x129fa</run_address>
         <size>0x250</size>
         <input_file_ref idref="fl-d6"/>
      </object_component>
      <object_component id="oc-37">
         <name>.debug_info</name>
         <load_address>0x12c4a</load_address>
         <run_address>0x12c4a</run_address>
         <size>0x60</size>
         <input_file_ref idref="fl-d6"/>
      </object_component>
      <object_component id="oc-270">
         <name>.debug_info</name>
         <load_address>0x12caa</load_address>
         <run_address>0x12caa</run_address>
         <size>0x46</size>
         <input_file_ref idref="fl-d6"/>
      </object_component>
      <object_component id="oc-192">
         <name>.debug_info</name>
         <load_address>0x12cf0</load_address>
         <run_address>0x12cf0</run_address>
         <size>0x39</size>
         <input_file_ref idref="fl-d6"/>
      </object_component>
      <object_component id="oc-25">
         <name>.debug_info</name>
         <load_address>0x12d29</load_address>
         <run_address>0x12d29</run_address>
         <size>0x10b</size>
         <input_file_ref idref="fl-d7"/>
      </object_component>
      <object_component id="oc-62">
         <name>.debug_info</name>
         <load_address>0x12e34</load_address>
         <run_address>0x12e34</run_address>
         <size>0x1a9</size>
         <input_file_ref idref="fl-d7"/>
      </object_component>
      <object_component id="oc-2e4">
         <name>.debug_info</name>
         <load_address>0x12fdd</load_address>
         <run_address>0x12fdd</run_address>
         <size>0x115</size>
         <input_file_ref idref="fl-d8"/>
      </object_component>
      <object_component id="oc-42">
         <name>.debug_info</name>
         <load_address>0x130f2</load_address>
         <run_address>0x130f2</run_address>
         <size>0x119</size>
         <input_file_ref idref="fl-d9"/>
      </object_component>
      <object_component id="oc-30d">
         <name>.debug_info</name>
         <load_address>0x1320b</load_address>
         <run_address>0x1320b</run_address>
         <size>0x4b3</size>
         <input_file_ref idref="fl-db"/>
      </object_component>
      <object_component id="oc-28e">
         <name>.debug_info</name>
         <load_address>0x136be</load_address>
         <run_address>0x136be</run_address>
         <size>0x1a6</size>
         <input_file_ref idref="fl-db"/>
      </object_component>
      <object_component id="oc-337">
         <name>.debug_info</name>
         <load_address>0x13864</load_address>
         <run_address>0x13864</run_address>
         <size>0x39</size>
         <input_file_ref idref="fl-db"/>
      </object_component>
      <object_component id="oc-34d">
         <name>.debug_info</name>
         <load_address>0x1389d</load_address>
         <run_address>0x1389d</run_address>
         <size>0x39</size>
         <input_file_ref idref="fl-db"/>
      </object_component>
      <object_component id="oc-33c">
         <name>.debug_info</name>
         <load_address>0x138d6</load_address>
         <run_address>0x138d6</run_address>
         <size>0x39</size>
         <input_file_ref idref="fl-db"/>
      </object_component>
      <object_component id="oc-341">
         <name>.debug_info</name>
         <load_address>0x1390f</load_address>
         <run_address>0x1390f</run_address>
         <size>0xcd</size>
         <input_file_ref idref="fl-db"/>
      </object_component>
      <object_component id="oc-1af">
         <name>.debug_info</name>
         <load_address>0x139dc</load_address>
         <run_address>0x139dc</run_address>
         <size>0x153</size>
         <input_file_ref idref="fl-dc"/>
      </object_component>
      <object_component id="oc-281">
         <name>.debug_info</name>
         <load_address>0x13b2f</load_address>
         <run_address>0x13b2f</run_address>
         <size>0x122</size>
         <input_file_ref idref="fl-de"/>
      </object_component>
      <object_component id="oc-388">
         <name>.debug_info</name>
         <load_address>0x13c51</load_address>
         <run_address>0x13c51</run_address>
         <size>0xa2</size>
      </object_component>
      <object_component id="oc-2c4">
         <name>.debug_line</name>
         <load_address>0x0</load_address>
         <run_address>0x0</run_address>
         <size>0x5b</size>
         <input_file_ref idref="fl-2"/>
      </object_component>
      <object_component id="oc-1d6">
         <name>.debug_line</name>
         <load_address>0x5b</load_address>
         <run_address>0x5b</run_address>
         <size>0x72</size>
         <input_file_ref idref="fl-2"/>
      </object_component>
      <object_component id="oc-1e0">
         <name>.debug_line</name>
         <load_address>0xcd</load_address>
         <run_address>0xcd</run_address>
         <size>0x72</size>
         <input_file_ref idref="fl-2"/>
      </object_component>
      <object_component id="oc-1e4">
         <name>.debug_line</name>
         <load_address>0x13f</load_address>
         <run_address>0x13f</run_address>
         <size>0x72</size>
         <input_file_ref idref="fl-2"/>
      </object_component>
      <object_component id="oc-a5">
         <name>.debug_line</name>
         <load_address>0x1b1</load_address>
         <run_address>0x1b1</run_address>
         <size>0x606</size>
         <input_file_ref idref="fl-2"/>
      </object_component>
      <object_component id="oc-1f1">
         <name>.debug_line</name>
         <load_address>0x7b7</load_address>
         <run_address>0x7b7</run_address>
         <size>0x5a</size>
         <input_file_ref idref="fl-2"/>
      </object_component>
      <object_component id="oc-190">
         <name>.debug_line</name>
         <load_address>0x811</load_address>
         <run_address>0x811</run_address>
         <size>0x6f</size>
         <input_file_ref idref="fl-2"/>
      </object_component>
      <object_component id="oc-184">
         <name>.debug_line</name>
         <load_address>0x880</load_address>
         <run_address>0x880</run_address>
         <size>0x20</size>
         <input_file_ref idref="fl-2"/>
      </object_component>
      <object_component id="oc-26e">
         <name>.debug_line</name>
         <load_address>0x8a0</load_address>
         <run_address>0x8a0</run_address>
         <size>0x73</size>
         <input_file_ref idref="fl-2"/>
      </object_component>
      <object_component id="oc-189">
         <name>.debug_line</name>
         <load_address>0x913</load_address>
         <run_address>0x913</run_address>
         <size>0x6f</size>
         <input_file_ref idref="fl-2"/>
      </object_component>
      <object_component id="oc-17f">
         <name>.debug_line</name>
         <load_address>0x982</load_address>
         <run_address>0x982</run_address>
         <size>0x70</size>
         <input_file_ref idref="fl-2"/>
      </object_component>
      <object_component id="oc-1ed">
         <name>.debug_line</name>
         <load_address>0x9f2</load_address>
         <run_address>0x9f2</run_address>
         <size>0x2d5</size>
         <input_file_ref idref="fl-3"/>
      </object_component>
      <object_component id="oc-26a">
         <name>.debug_line</name>
         <load_address>0xcc7</load_address>
         <run_address>0xcc7</run_address>
         <size>0x2d</size>
         <input_file_ref idref="fl-3"/>
      </object_component>
      <object_component id="oc-31">
         <name>.debug_line</name>
         <load_address>0xcf4</load_address>
         <run_address>0xcf4</run_address>
         <size>0x1be</size>
         <input_file_ref idref="fl-3"/>
      </object_component>
      <object_component id="oc-1f6">
         <name>.debug_line</name>
         <load_address>0xeb2</load_address>
         <run_address>0xeb2</run_address>
         <size>0x59</size>
         <input_file_ref idref="fl-3"/>
      </object_component>
      <object_component id="oc-228">
         <name>.debug_line</name>
         <load_address>0xf0b</load_address>
         <run_address>0xf0b</run_address>
         <size>0x6b</size>
         <input_file_ref idref="fl-3"/>
      </object_component>
      <object_component id="oc-2d1">
         <name>.debug_line</name>
         <load_address>0xf76</load_address>
         <run_address>0xf76</run_address>
         <size>0x5a</size>
         <input_file_ref idref="fl-4"/>
      </object_component>
      <object_component id="oc-2cd">
         <name>.debug_line</name>
         <load_address>0xfd0</load_address>
         <run_address>0xfd0</run_address>
         <size>0x7a</size>
         <input_file_ref idref="fl-4"/>
      </object_component>
      <object_component id="oc-2cf">
         <name>.debug_line</name>
         <load_address>0x104a</load_address>
         <run_address>0x104a</run_address>
         <size>0x7a</size>
         <input_file_ref idref="fl-4"/>
      </object_component>
      <object_component id="oc-b7">
         <name>.debug_line</name>
         <load_address>0x10c4</load_address>
         <run_address>0x10c4</run_address>
         <size>0x28a</size>
         <input_file_ref idref="fl-4"/>
      </object_component>
      <object_component id="oc-3f">
         <name>.debug_line</name>
         <load_address>0x134e</load_address>
         <run_address>0x134e</run_address>
         <size>0x20</size>
         <input_file_ref idref="fl-4"/>
      </object_component>
      <object_component id="oc-18c">
         <name>.debug_line</name>
         <load_address>0x136e</load_address>
         <run_address>0x136e</run_address>
         <size>0x41</size>
         <input_file_ref idref="fl-5"/>
      </object_component>
      <object_component id="oc-34">
         <name>.debug_line</name>
         <load_address>0x13af</load_address>
         <run_address>0x13af</run_address>
         <size>0x41</size>
         <input_file_ref idref="fl-5"/>
      </object_component>
      <object_component id="oc-2b">
         <name>.debug_line</name>
         <load_address>0x13f0</load_address>
         <run_address>0x13f0</run_address>
         <size>0xa1</size>
         <input_file_ref idref="fl-5"/>
      </object_component>
      <object_component id="oc-2ed">
         <name>.debug_line</name>
         <load_address>0x1491</load_address>
         <run_address>0x1491</run_address>
         <size>0x20</size>
         <input_file_ref idref="fl-6"/>
      </object_component>
      <object_component id="oc-2e0">
         <name>.debug_line</name>
         <load_address>0x14b1</load_address>
         <run_address>0x14b1</run_address>
         <size>0x57</size>
         <input_file_ref idref="fl-6"/>
      </object_component>
      <object_component id="oc-2eb">
         <name>.debug_line</name>
         <load_address>0x1508</load_address>
         <run_address>0x1508</run_address>
         <size>0x57</size>
         <input_file_ref idref="fl-6"/>
      </object_component>
      <object_component id="oc-2e2">
         <name>.debug_line</name>
         <load_address>0x155f</load_address>
         <run_address>0x155f</run_address>
         <size>0x57</size>
         <input_file_ref idref="fl-6"/>
      </object_component>
      <object_component id="oc-2de">
         <name>.debug_line</name>
         <load_address>0x15b6</load_address>
         <run_address>0x15b6</run_address>
         <size>0x57</size>
         <input_file_ref idref="fl-6"/>
      </object_component>
      <object_component id="oc-cc">
         <name>.debug_line</name>
         <load_address>0x160d</load_address>
         <run_address>0x160d</run_address>
         <size>0x2a5</size>
         <input_file_ref idref="fl-6"/>
      </object_component>
      <object_component id="oc-301">
         <name>.debug_line</name>
         <load_address>0x18b2</load_address>
         <run_address>0x18b2</run_address>
         <size>0xde</size>
         <input_file_ref idref="fl-c"/>
      </object_component>
      <object_component id="oc-133">
         <name>.debug_line</name>
         <load_address>0x1990</load_address>
         <run_address>0x1990</run_address>
         <size>0xa7</size>
         <input_file_ref idref="fl-c"/>
      </object_component>
      <object_component id="oc-139">
         <name>.debug_line</name>
         <load_address>0x1a37</load_address>
         <run_address>0x1a37</run_address>
         <size>0x91</size>
         <input_file_ref idref="fl-c"/>
      </object_component>
      <object_component id="oc-12d">
         <name>.debug_line</name>
         <load_address>0x1ac8</load_address>
         <run_address>0x1ac8</run_address>
         <size>0xa4</size>
         <input_file_ref idref="fl-c"/>
      </object_component>
      <object_component id="oc-13f">
         <name>.debug_line</name>
         <load_address>0x1b6c</load_address>
         <run_address>0x1b6c</run_address>
         <size>0x91</size>
         <input_file_ref idref="fl-c"/>
      </object_component>
      <object_component id="oc-1c3">
         <name>.debug_line</name>
         <load_address>0x1bfd</load_address>
         <run_address>0x1bfd</run_address>
         <size>0x69</size>
         <input_file_ref idref="fl-c"/>
      </object_component>
      <object_component id="oc-2f1">
         <name>.debug_line</name>
         <load_address>0x1c66</load_address>
         <run_address>0x1c66</run_address>
         <size>0x82</size>
         <input_file_ref idref="fl-d"/>
      </object_component>
      <object_component id="oc-2ef">
         <name>.debug_line</name>
         <load_address>0x1ce8</load_address>
         <run_address>0x1ce8</run_address>
         <size>0x7d</size>
         <input_file_ref idref="fl-d"/>
      </object_component>
      <object_component id="oc-232">
         <name>.debug_line</name>
         <load_address>0x1d65</load_address>
         <run_address>0x1d65</run_address>
         <size>0x95</size>
         <input_file_ref idref="fl-d"/>
      </object_component>
      <object_component id="oc-238">
         <name>.debug_line</name>
         <load_address>0x1dfa</load_address>
         <run_address>0x1dfa</run_address>
         <size>0xd1</size>
         <input_file_ref idref="fl-d"/>
      </object_component>
      <object_component id="oc-10e">
         <name>.debug_line</name>
         <load_address>0x1ecb</load_address>
         <run_address>0x1ecb</run_address>
         <size>0x93</size>
         <input_file_ref idref="fl-d"/>
      </object_component>
      <object_component id="oc-172">
         <name>.debug_line</name>
         <load_address>0x1f5e</load_address>
         <run_address>0x1f5e</run_address>
         <size>0x93</size>
         <input_file_ref idref="fl-d"/>
      </object_component>
      <object_component id="oc-ef">
         <name>.debug_line</name>
         <load_address>0x1ff1</load_address>
         <run_address>0x1ff1</run_address>
         <size>0x93</size>
         <input_file_ref idref="fl-d"/>
      </object_component>
      <object_component id="oc-f5">
         <name>.debug_line</name>
         <load_address>0x2084</load_address>
         <run_address>0x2084</run_address>
         <size>0x93</size>
         <input_file_ref idref="fl-d"/>
      </object_component>
      <object_component id="oc-e9">
         <name>.debug_line</name>
         <load_address>0x2117</load_address>
         <run_address>0x2117</run_address>
         <size>0xa7</size>
         <input_file_ref idref="fl-d"/>
      </object_component>
      <object_component id="oc-2f8">
         <name>.debug_line</name>
         <load_address>0x21be</load_address>
         <run_address>0x21be</run_address>
         <size>0x82</size>
         <input_file_ref idref="fl-e"/>
      </object_component>
      <object_component id="oc-247">
         <name>.debug_line</name>
         <load_address>0x2240</load_address>
         <run_address>0x2240</run_address>
         <size>0x91</size>
         <input_file_ref idref="fl-e"/>
      </object_component>
      <object_component id="oc-104">
         <name>.debug_line</name>
         <load_address>0x22d1</load_address>
         <run_address>0x22d1</run_address>
         <size>0xa5</size>
         <input_file_ref idref="fl-e"/>
      </object_component>
      <object_component id="oc-2ff">
         <name>.debug_line</name>
         <load_address>0x2376</load_address>
         <run_address>0x2376</run_address>
         <size>0x7c</size>
         <input_file_ref idref="fl-f"/>
      </object_component>
      <object_component id="oc-2fd">
         <name>.debug_line</name>
         <load_address>0x23f2</load_address>
         <run_address>0x23f2</run_address>
         <size>0x82</size>
         <input_file_ref idref="fl-f"/>
      </object_component>
      <object_component id="oc-1d4">
         <name>.debug_line</name>
         <load_address>0x2474</load_address>
         <run_address>0x2474</run_address>
         <size>0x97</size>
         <input_file_ref idref="fl-f"/>
      </object_component>
      <object_component id="oc-10b">
         <name>.debug_line</name>
         <load_address>0x250b</load_address>
         <run_address>0x250b</run_address>
         <size>0x97</size>
         <input_file_ref idref="fl-f"/>
      </object_component>
      <object_component id="oc-11d">
         <name>.debug_line</name>
         <load_address>0x25a2</load_address>
         <run_address>0x25a2</run_address>
         <size>0xc2</size>
         <input_file_ref idref="fl-f"/>
      </object_component>
      <object_component id="oc-2c1">
         <name>.debug_line</name>
         <load_address>0x2664</load_address>
         <run_address>0x2664</run_address>
         <size>0x82</size>
         <input_file_ref idref="fl-10"/>
      </object_component>
      <object_component id="oc-14e">
         <name>.debug_line</name>
         <load_address>0x26e6</load_address>
         <run_address>0x26e6</run_address>
         <size>0x91</size>
         <input_file_ref idref="fl-10"/>
      </object_component>
      <object_component id="oc-9a">
         <name>.debug_line</name>
         <load_address>0x2777</load_address>
         <run_address>0x2777</run_address>
         <size>0x94</size>
         <input_file_ref idref="fl-10"/>
      </object_component>
      <object_component id="oc-151">
         <name>.debug_line</name>
         <load_address>0x280b</load_address>
         <run_address>0x280b</run_address>
         <size>0x97</size>
         <input_file_ref idref="fl-10"/>
      </object_component>
[...]
         <name>I2CMCommand</name>
         <value>0x923</value>
         <object_component_ref idref="oc-a4"/>
      </symbol>
      <symbol id="sm-10b">
         <name>I2CMReadModifyWrite16LE</name>
         <value>0xc2d</value>
         <object_component_ref idref="oc-a4"/>
      </symbol>
      <symbol id="sm-10c">
         <name>I2CMWrite</name>
         <value>0x328b</value>
         <object_component_ref idref="oc-1d5"/>
      </symbol>
      <symbol id="sm-10d">
         <name>I2CMInit</name>
         <value>0x8bb</value>
         <object_component_ref idref="oc-a4"/>
      </symbol>
      <symbol id="sm-10e">
         <name>I2CMReadModifyWrite8</name>
         <value>0xadd</value>
         <object_component_ref idref="oc-a4"/>
      </symbol>
      <symbol id="sm-10f">
         <name>I2CMWriteBatched</name>
         <value>0x32c1</value>
         <object_component_ref idref="oc-1e3"/>
      </symbol>
      <symbol id="sm-110">
         <name>I2CMRead</name>
         <value>0x3255</value>
         <object_component_ref idref="oc-1dc"/>
      </symbol>
      <symbol id="sm-111">
         <name>I2CMTransferResume</name>
         <value>0xa07</value>
         <object_component_ref idref="oc-a4"/>
      </symbol>
      <symbol id="sm-112">
         <name>I2CMIntHandler</name>
         <value>0x78f</value>
         <object_component_ref idref="oc-a4"/>
      </symbol>
      <symbol id="sm-199">
         <name>rk</name>
         <value>0x20000398</value>
      </symbol>
      <symbol id="sm-19a">
         <name>yk</name>
         <value>0x200003b4</value>
      </symbol>
      <symbol id="sm-19b">
         <name>e_k_1</name>
         <value>0x20000384</value>
      </symbol>
      <symbol id="sm-19c">
         <name>e_k</name>
         <value>0x20000380</value>
      </symbol>
      <symbol id="sm-19d">
         <name>Ek</name>
         <value>0x20000374</value>
      </symbol>
      <symbol id="sm-19e">
         <name>eD</name>
         <value>0x2000037c</value>
      </symbol>
      <symbol id="sm-19f">
         <name>u_k</name>
         <value>0x2000039c</value>
      </symbol>
      <symbol id="sm-1a0">
         <name>kP</name>
         <value>0x20000394</value>
      </symbol>
      <symbol id="sm-1a1">
         <name>kI</name>
         <value>0x20000390</value>
      </symbol>
      <symbol id="sm-1a2">
         <name>kD</name>
         <value>0x2000038c</value>
      </symbol>
      <symbol id="sm-1a3">
         <name>u_k2</name>
         <value>0x200003a0</value>
      </symbol>
      <symbol id="sm-1a4">
         <name>g_bMPU6050Done</name>
         <value>0x200003c4</value>
      </symbol>
      <symbol id="sm-1a5">
         <name>g_sI2CMSimpleInst</name>
         <value>0x20000200</value>
      </symbol>
      <symbol id="sm-1a6">
         <name>sMPU6050</name>
         <value>0x20000324</value>
      </symbol>
      <symbol id="sm-1a7">
         <name>fAccel</name>
         <value>0x2000035c</value>
      </symbol>
      <symbol id="sm-1a8">
         <name>fGyro</name>
         <value>0x20000368</value>
      </symbol>
      <symbol id="sm-1a9">
         <name>x1</name>
         <value>0x200003a4</value>
      </symbol>
      <symbol id="sm-1aa">
         <name>y1</name>
         <value>0x200003ac</value>
      </symbol>
      <symbol id="sm-1ab">
         <name>z1</name>
         <value>0x200003b8</value>
      </symbol>
      <symbol id="sm-1ac">
         <name>x2</name>
         <value>0x200003a8</value>
      </symbol>
      <symbol id="sm-1ad">
         <name>y2</name>
         <value>0x200003b0</value>
      </symbol>
      <symbol id="sm-1ae">
         <name>z2</name>
         <value>0x200003bc</value>
      </symbol>
      <symbol id="sm-1af">
         <name>ay</name>
         <value>0x20000378</value>
      </symbol>
      <symbol id="sm-1b0">
         <name>data</name>
         <value>0x200003c0</value>
      </symbol>
      <symbol id="sm-1b1">
         <name>val</name>
         <value>0x200003c2</value>
      </symbol>
      <symbol id="sm-1b2">
         <name>g_pui32residual</name>
         <value>0x20000388</value>
      </symbol>
      <symbol id="sm-1b3">
         <name>mpu6050callback</name>
         <value>0x12e5</value>
         <object_component_ref idref="oc-2d"/>
      </symbol>
      <symbol id="sm-1b4">
         <name>z</name>
         <value>0x200003d0</value>
         <object_component_ref idref="oc-177"/>
      </symbol>
      <symbol id="sm-1b5">
         <name>y</name>
         <value>0x200003cc</value>
         <object_component_ref idref="oc-177"/>
      </symbol>
      <symbol id="sm-1b6">
         <name>x</name>
         <value>0x200003c8</value>
         <object_component_ref idref="oc-177"/>
      </symbol>
      <symbol id="sm-1b7">
         <name>init_i2c0</name>
         <value>0x131d</value>
         <object_component_ref idref="oc-2d"/>
      </symbol>
      <symbol id="sm-1b8">
         <name>main</name>
         <value>0x10b5</value>
         <object_component_ref idref="oc-2d"/>
      </symbol>
      <symbol id="sm-1b9">
         <name>configure_uart</name>
         <value>0x1381</value>
         <object_component_ref idref="oc-2d"/>
      </symbol>
      <symbol id="sm-1ba">
         <name>mpu6050config</name>
         <value>0x124d</value>
         <object_component_ref idref="oc-2d"/>
      </symbol>
      <symbol id="sm-1bb">
         <name>enable_timer_ssi</name>
         <value>0x1499</value>
         <object_component_ref idref="oc-2d"/>
      </symbol>
      <symbol id="sm-1bc">
         <name>gz</name>
         <value>0x200003dc</value>
         <object_component_ref idref="oc-177"/>
      </symbol>
      <symbol id="sm-1bd">
         <name>gy</name>
         <value>0x200003d8</value>
         <object_component_ref idref="oc-177"/>
      </symbol>
      <symbol id="sm-1be">
         <name>gx</name>
         <value>0x200003d4</value>
         <object_component_ref idref="oc-177"/>
      </symbol>
      <symbol id="sm-1bf">
         <name>I2CMSimpleIntHandler</name>
         <value>0x109d</value>
         <object_component_ref idref="oc-2d"/>
      </symbol>
      <symbol id="sm-1c0">
         <name>g_freq_muestreo</name>
         <value>0x200003e0</value>
         <object_component_ref idref="oc-177"/>
      </symbol>
      <symbol id="sm-1c1">
         <name>Timer0IntHandler</name>
         <value>0xf45</value>
         <object_component_ref idref="oc-2d"/>
      </symbol>
      <symbol id="sm-1c2">
         <name>config_adc</name>
         <value>0x13fd</value>
         <object_component_ref idref="oc-2d"/>
      </symbol>
      <symbol id="sm-21e">
         <name>MPU6050DataAccelGetRaw</name>
         <value>0x1989</value>
         <object_component_ref idref="oc-b4"/>
      </symbol>
      <symbol id="sm-21f">
         <name>MPU6050DataGyroGetRaw</name>
         <value>0x1a69</value>
         <object_component_ref idref="oc-b4"/>
      </symbol>
      <symbol id="sm-220">
         <name>MPU6050DataGyroGetFloat</name>
         <value>0x1ab9</value>
         <object_component_ref idref="oc-b4"/>
      </symbol>
      <symbol id="sm-221">
         <name>MPU6050Write</name>
         <value>0x17fd</value>
         <object_component_ref idref="oc-b4"/>
      </symbol>
      <symbol id="sm-222">
         <name>MPU6050DataAccelGetFloat</name>
         <value>0x19d5</value>
         <object_component_ref idref="oc-b4"/>
      </symbol>
      <symbol id="sm-223">
         <name>MPU6050DataRead</name>
         <value>0x1925</value>
         <object_component_ref idref="oc-b4"/>
      </symbol>
      <symbol id="sm-224">
         <name>MPU6050Init</name>
         <value>0x170f</value>
         <object_component_ref idref="oc-b4"/>
      </symbol>
      <symbol id="sm-225">
         <name>MPU6050Read</name>
         <value>0x1791</value>
         <object_component_ref idref="oc-b4"/>
      </symbol>
      <symbol id="sm-226">
         <name>MPU6050ReadModifyWrite</name>
         <value>0x18c7</value>
         <object_component_ref idref="oc-b4"/>
      </symbol>
      <symbol id="sm-242">
         <name>ResetISR</name>
         <value>0x3465</value>
         <object_component_ref idref="oc-27"/>
      </symbol>
      <symbol id="sm-243">
         <name>g_pfnVectors</name>
         <value>0x0</value>
         <object_component_ref idref="oc-12"/>
      </symbol>
      <symbol id="sm-2b4">
         <name>UARTgetc</name>
         <value>0x1ccd</value>
         <object_component_ref idref="oc-ca"/>
      </symbol>
      <symbol id="sm-2b5">
         <name>UARTgets</name>
         <value>0x1c07</value>
         <object_component_ref idref="oc-ca"/>
      </symbol>
      <symbol id="sm-2b6">
         <name>UARTStdioConfig</name>
         <value>0x1b55</value>
         <object_component_ref idref="oc-ca"/>
      </symbol>
      <symbol id="sm-2b7">
         <name>UARTwrite</name>
         <value>0x1bb5</value>
         <object_component_ref idref="oc-ca"/>
      </symbol>
      <symbol id="sm-2b8">
         <name>UARTprintf</name>
         <value>0x1ffb</value>
         <object_component_ref idref="oc-ca"/>
      </symbol>
      <symbol id="sm-2b9">
         <name>UARTvprintf</name>
         <value>0x1d01</value>
         <object_component_ref idref="oc-ca"/>
      </symbol>
      <symbol id="sm-2e7">
         <name>ADCSequenceEnable</name>
         <value>0x3423</value>
         <object_component_ref idref="oc-137"/>
      </symbol>
      <symbol id="sm-2e8">
         <name>ADCSequenceConfigure</name>
         <value>0x2fe1</value>
         <object_component_ref idref="oc-12b"/>
      </symbol>
      <symbol id="sm-2e9">
         <name>ADCSequenceStepConfigure</name>
         <value>0x2dc9</value>
         <object_component_ref idref="oc-131"/>
      </symbol>
      <symbol id="sm-2ea">
         <name>ADCIntClear</name>
         <value>0x3471</value>
         <object_component_ref idref="oc-13d"/>
      </symbol>
      <symbol id="sm-334">
         <name>GPIOPinConfigure</name>
         <value>0x30cd</value>
         <object_component_ref idref="oc-e8"/>
      </symbol>
      <symbol id="sm-335">
         <name>GPIOPinTypeI2CSCL</name>
         <value>0x33b9</value>
         <object_component_ref idref="oc-ee"/>
      </symbol>
      <symbol id="sm-336">
         <name>GPIOPinTypeI2C</name>
         <value>0x33a7</value>
         <object_component_ref idref="oc-f4"/>
      </symbol>
      <symbol id="sm-337">
         <name>GPIOPinTypeUART</name>
         <value>0x33dd</value>
         <object_component_ref idref="oc-10d"/>
      </symbol>
      <symbol id="sm-338">
         <name>GPIODirModeSet</name>
         <value>0x3361</value>
         <object_component_ref idref="oc-231"/>
      </symbol>
      <symbol id="sm-339">
         <name>GPIOPadConfigSet</name>
         <value>0x27ed</value>
         <object_component_ref idref="oc-237"/>
      </symbol>
      <symbol id="sm-33a">
         <name>GPIOPinTypeSSI</name>
         <value>0x33cb</value>
         <object_component_ref idref="oc-171"/>
      </symbol>
      <symbol id="sm-353">
         <name>I2CMasterInitExpClk</name>
         <value>0x3081</value>
         <object_component_ref idref="oc-100"/>
      </symbol>
      <symbol id="sm-354">
         <name>I2CMasterEnable</name>
         <value>0x347b</value>
         <object_component_ref idref="oc-243"/>
      </symbol>
      <symbol id="sm-38e">
         <name>IntEnable</name>
         <value>0x2eb1</value>
         <object_component_ref idref="oc-119"/>
      </symbol>
      <symbol id="sm-38f">
         <name>IntTrigger</name>
         <value>0x3459</value>
         <object_component_ref idref="oc-1cf"/>
      </symbol>
      <symbol id="sm-390">
         <name>IntMasterEnable</name>
         <value>0x3413</value>
         <object_component_ref idref="oc-107"/>
      </symbol>
      <symbol id="sm-3c0">
         <name>SSIDataPut</name>
         <value>0x3485</value>
         <object_component_ref idref="oc-98"/>
      </symbol>
      <symbol id="sm-3c1">
         <name>SSIDataGetNonBlocking</name>
         <value>0x33ef</value>
         <object_component_ref idref="oc-14f"/>
      </symbol>
      <symbol id="sm-3c2">
         <name>SSIConfigSetExpClk</name>
         <value>0x31e1</value>
         <object_component_ref idref="oc-143"/>
      </symbol>
      <symbol id="sm-3c3">
         <name>SSIEnable</name>
         <value>0x348f</value>
         <object_component_ref idref="oc-149"/>
      </symbol>
      <symbol id="sm-3c4">
         <name>SSIBusy</name>
         <value>0x3499</value>
         <object_component_ref idref="oc-9e"/>
      </symbol>
      <symbol id="sm-422">
         <name>SysCtlClockSet</name>
         <value>0x2b2d</value>
         <object_component_ref idref="oc-ae"/>
      </symbol>
      <symbol id="sm-423">
         <name>SysCtlDelay</name>
         <value>0x34b1</value>
         <object_component_ref idref="oc-1f8"/>
      </symbol>
      <symbol id="sm-424">
         <name>SysCtlPeripheralEnable</name>
         <value>0x32f9</value>
         <object_component_ref idref="oc-dc"/>
      </symbol>
      <symbol id="sm-425">
         <name>SysCtlClockGet</name>
         <value>0x2921</value>
         <object_component_ref idref="oc-fa"/>
      </symbol>
      <symbol id="sm-426">
         <name>SysCtlPeripheralReset</name>
         <value>0x3031</value>
         <object_component_ref idref="oc-e2"/>
      </symbol>
      <symbol id="sm-45a">
         <name>TimerLoadSet</name>
         <value>0x3401</value>
         <object_component_ref idref="oc-15f"/>
      </symbol>
      <symbol id="sm-45b">
         <name>TimerEnable</name>
         <value>0x3431</value>
         <object_component_ref idref="oc-16b"/>
      </symbol>
      <symbol id="sm-45c">
         <name>TimerIntEnable</name>
         <value>0x34a1</value>
         <object_component_ref idref="oc-165"/>
      </symbol>
      <symbol id="sm-45d">
         <name>TimerConfigure</name>
         <value>0x2f81</value>
         <object_component_ref idref="oc-159"/>
      </symbol>
      <symbol id="sm-45e">
         <name>TimerIntClear</name>
         <value>0x34bd</value>
         <object_component_ref idref="oc-74"/>
      </symbol>
      <symbol id="sm-473">
         <name>UARTIntEnable</name>
         <value>0x34a9</value>
         <object_component_ref idref="oc-11f"/>
      </symbol>
      <symbol id="sm-474">
         <name>UARTClockSourceSet</name>
         <value>0x34b7</value>
         <object_component_ref idref="oc-113"/>
      </symbol>
      <symbol id="sm-47e">
         <name>CPUcpsie</name>
         <value>0x344d</value>
         <object_component_ref idref="oc-24b"/>
      </symbol>
      <symbol id="sm-4c2">
         <name>atan2</name>
         <value>0x231d</value>
         <object_component_ref idref="oc-ba"/>
      </symbol>
      <symbol id="sm-4c3">
         <name>atan2l</name>
         <value>0x231d</value>
         <object_component_ref idref="oc-ba"/>
      </symbol>
      <symbol id="sm-4f9">
         <name>atanl</name>
         <value>0x2031</value>
         <object_component_ref idref="oc-203"/>
      </symbol>
      <symbol id="sm-4fa">
         <name>atan</name>
         <value>0x2031</value>
         <object_component_ref idref="oc-203"/>
      </symbol>
      <symbol id="sm-511">
         <name>__aeabi_dsub</name>
         <value>0x2501</value>
         <object_component_ref idref="oc-8e"/>
      </symbol>
      <symbol id="sm-512">
         <name>__aeabi_dadd</name>
         <value>0x250b</value>
         <object_component_ref idref="oc-8e"/>
      </symbol>
      <symbol id="sm-534">
         <name>__aeabi_cdcmpeq</name>
         <value>0x2cbd</value>
         <object_component_ref idref="oc-84"/>
      </symbol>
      <symbol id="sm-535">
         <name>__aeabi_cdcmple</name>
         <value>0x2cbd</value>
         <object_component_ref idref="oc-84"/>
      </symbol>
      <symbol id="sm-536">
         <name>__aeabi_cdrcmple</name>
         <value>0x2d43</value>
         <object_component_ref idref="oc-7f"/>
      </symbol>
      <symbol id="sm-54a">
         <name>__aeabi_ddiv</name>
         <value>0x26b7</value>
         <object_component_ref idref="oc-c0"/>
      </symbol>
      <symbol id="sm-555">
         <name>__aeabi_dmul</name>
         <value>0x2a31</value>
         <object_component_ref idref="oc-89"/>
      </symbol>
      <symbol id="sm-55f">
         <name>__aeabi_d2iz</name>
         <value>0x3115</value>
         <object_component_ref idref="oc-c5"/>
      </symbol>
      <symbol id="sm-56b">
         <name>__aeabi_d2f</name>
         <value>0x2e43</value>
         <object_component_ref idref="oc-93"/>
      </symbol>
      <symbol id="sm-576">
         <name>__aeabi_f2d</name>
         <value>0x321d</value>
         <object_component_ref idref="oc-7a"/>
      </symbol>
      <symbol id="sm-585">
         <name>__aeabi_uidivmod</name>
         <value>0x31a1</value>
         <object_component_ref idref="oc-21b"/>
      </symbol>
      <symbol id="sm-586">
         <name>__aeabi_uidiv</name>
         <value>0x31a1</value>
         <object_component_ref idref="oc-21b"/>
      </symbol>
      <symbol id="sm-59f">
         <name>__TI_zero_init_nomemset</name>
         <value>0x338b</value>
         <object_component_ref idref="oc-4d"/>
      </symbol>
      <symbol id="sm-5b6">
         <name>__TI_decompress_none</name>
         <value>0x343f</value>
         <object_component_ref idref="oc-1b"/>
      </symbol>
      <symbol id="sm-5d9">
         <name>__TI_decompress_lzss</name>
         <value>0x2f19</value>
         <object_component_ref idref="oc-15"/>
      </symbol>
      <symbol id="sm-5ec">
         <name>__stack</name>
         <value>0x20000000</value>
         <object_component_ref idref="oc-24"/>
      </symbol>
      <symbol id="sm-5ed">
         <name>_c_int00_noargs</name>
         <value>0x332d</value>
         <object_component_ref idref="oc-5f"/>
      </symbol>
      <symbol id="sm-5f7">
         <name>__aeabi_idiv0</name>
         <value>0x291f</value>
         <object_component_ref idref="oc-2e3"/>
      </symbol>
      <symbol id="sm-5f8">
         <name>__aeabi_ldiv0</name>
         <value>0x291f</value>
         <object_component_ref idref="oc-2e3"/>
      </symbol>
      <symbol id="sm-613">
         <name>memcpy</name>
         <value>0x2c21</value>
         <object_component_ref idref="oc-41"/>
      </symbol>
      <symbol id="sm-614">
         <name>__aeabi_memcpy</name>
         <value>0x2c21</value>
         <object_component_ref idref="oc-41"/>
      </symbol>
      <symbol id="sm-615">
         <name>__aeabi_memcpy8</name>
         <value>0x2c21</value>
         <object_component_ref idref="oc-41"/>
      </symbol>
      <symbol id="sm-616">
         <name>__aeabi_memcpy4</name>
         <value>0x2c21</value>
         <object_component_ref idref="oc-41"/>
      </symbol>
      <symbol id="sm-63f">
         <name>__TI_auto_init_nobinit_nopinit</name>
         <value>0x315d</value>
         <object_component_ref idref="oc-28c"/>
      </symbol>
      <symbol id="sm-649">
         <name>_system_pre_init</name>
         <value>0x34c1</value>
         <object_component_ref idref="oc-1ad"/>
      </symbol>
      <symbol id="sm-655">
         <name>C$$EXIT</name>
         <value>0x34c5</value>
         <object_component_ref idref="oc-280"/>
      </symbol>
      <symbol id="sm-656">
         <name>abort</name>
         <value>0x34c5</value>
         <object_component_ref idref="oc-280"/>
      </symbol>
      <symbol id="sm-659">
         <name>__TI_static_base__</name>
         <value>0x0</value>
      </symbol>
      <symbol id="sm-65c">
         <name>__mpu_init</name>
         <value>0x0</value>
      </symbol>
      <symbol id="sm-65d">
         <name>_system_post_cinit</name>
         <value>0x0</value>
      </symbol>
   </symbol_table>
   <title>Link successful</title>
</link_info>
