******************************************************************************
                  TI ARM Linker PC v20.2.6                     
******************************************************************************
>> Linked Thu Mar 17 23:57:25 2022

OUTPUT FILE NAME:   <Mini_Proyecto_Prueba.out>
ENTRY POINT SYMBOL: "_c_int00_noargs"  address: 00002d3d


MEMORY CONFIGURATION

         name            origin    length      used     unused   attr    fill
----------------------  --------  ---------  --------  --------  ----  --------
  FLASH                 00000000   00040000  00003046  0003cfba  R  X
  SRAM                  20000000   00008000  0000032a  00007cd6  RW X


SEGMENT ALLOCATION MAP

run origin  load origin   length   init length attrs members
----------  ----------- ---------- ----------- ----- -------
00000000    00000000    00003050   00003050    r-x
  00000000    00000000    0000026c   0000026c    r-- .intvecs
  0000026c    0000026c    00002bc6   00002bc6    r-x .text
  00002e38    00002e38    000001e4   000001e4    r-- .const
  00003020    00003020    00000030   00000030    r-- .cinit
20000000    20000000    0000032d   00000000    rw-
  20000000    20000000    00000200   00000000    rw- .stack
  20000200    20000200    00000125   00000000    rw- .bss
  20000328    20000328    00000005   00000000    rw- .data


SECTION ALLOCATION MAP

 output                                  attributes/
section   page    origin      length       input sections
--------  ----  ----------  ----------   ----------------
.intvecs   0    00000000    0000026c     
                  00000000    0000026c     tm4c123gh6pm_startup_ccs.obj (.intvecs)

.text      0    0000026c    00002bc6     
                  0000026c    00000cd8     i2cm_drv.obj (.text)
                  00000f44    000005b0     mpu6050.obj (.text)
                  000014f4    000004dc     uartstdio.obj (.text)
                  000019d0    0000030c     main.obj (.text)
                  00001cdc    000002ec     rtsv7M4_T_le_v4SPD16_eabi.lib : s_atan.c.obj (.text:atan)
                  00001fc8    000001e4                                   : e_atan2.c.obj (.text:atan2)
                  000021ac    000001b6                                   : fd_add_t2.asm.obj (.text)
                  00002362    00000136                                   : fd_div_t2.asm.obj (.text)
                  00002498    00000132     driverlib.lib : gpio.obj (.text:GPIOPadConfigSet)
                  000025ca    00000002     rtsv7M4_T_le_v4SPD16_eabi.lib : div0.asm.obj (.text)
                  000025cc    00000110     driverlib.lib : sysctl.obj (.text:SysCtlClockGet)
                  000026dc    000000fc     rtsv7M4_T_le_v4SPD16_eabi.lib : fd_mul_t2.asm.obj (.text)
                  000027d8    000000f4     driverlib.lib : sysctl.obj (.text:SysCtlClockSet)
                  000028cc    0000009c     rtsv7M4_T_le_v4SPD16_eabi.lib : memcpy_t2.asm.obj (.text)
                  00002968    00000086                                   : fd_cmp_t2.asm.obj (.text:__aeabi_cdrcmple)
                  000029ee    0000006e                                   : fd_tos_t2.asm.obj (.text)
                  00002a5c    00000068                                   : copy_decompress_lzss.c.obj (.text:decompress:lzss:__TI_decompress_lzss)
                  00002ac4    00000050     driverlib.lib : sysctl.obj (.text:SysCtlPeripheralReset)
                  00002b14    0000004c                   : i2c.obj (.text:I2CMasterInitExpClk)
                  00002b60    00000048                   : gpio.obj (.text:GPIOPinConfigure)
                  00002ba8    00000044     rtsv7M4_T_le_v4SPD16_eabi.lib : autoinit.c.obj (.text:__TI_auto_init_nobinit_nopinit:__TI_auto_init_nobinit_nopinit)
                  00002bec    00000040                                   : u_divt2.asm.obj (.text)
                  00002c2c    00000038                                   : fs_tod_t2.asm.obj (.text)
                  00002c64    00000036     i2cm_drv.obj (.text:I2CMRead)
                  00002c9a    00000036     i2cm_drv.obj (.text:I2CMWrite)
                  00002cd0    00000036     i2cm_drv.obj (.text:I2CMWriteBatched)
                  00002d06    00000002     --HOLE-- [fill = 0]
                  00002d08    00000034     driverlib.lib : sysctl.obj (.text:SysCtlPeripheralEnable)
                  00002d3c    00000034     rtsv7M4_T_le_v4SPD16_eabi.lib : boot_cortex_m.c.obj (.text:_c_int00_noargs:_c_int00_noargs)
                  00002d70    0000002a     driverlib.lib : gpio.obj (.text:GPIODirModeSet)
                  00002d9a    0000001c     rtsv7M4_T_le_v4SPD16_eabi.lib : copy_zero_init.c.obj (.text:decompress:ZI:__TI_zero_init_nomemset:__TI_zero_init_nomemset)
                  00002db6    00000012     driverlib.lib : gpio.obj (.text:GPIOPinTypeI2C)
                  00002dc8    00000012                   : gpio.obj (.text:GPIOPinTypeI2CSCL)
                  00002dda    00000012                   : gpio.obj (.text:GPIOPinTypeUART)
                  00002dec    0000000e     rtsv7M4_T_le_v4SPD16_eabi.lib : copy_decompress_none.c.obj (.text:decompress:none:__TI_decompress_none)
                  00002dfa    00000002     --HOLE-- [fill = 0]
                  00002dfc    0000000c     driverlib.lib : interrupt.obj (.text:IntTrigger)
                  00002e08    0000000c     tm4c123gh6pm_startup_ccs.obj (.text)
                  00002e14    0000000a     driverlib.lib : i2c.obj (.text:I2CMasterEnable)
                  00002e1e    00000006                   : sysctl.obj (.text:SysCtlDelay)
                  00002e24    00000006                   : uart.obj (.text:UARTClockSourceSet)
                  00002e2a    00000004     rtsv7M4_T_le_v4SPD16_eabi.lib : pre_init.c.obj (.text:_system_pre_init)
                  00002e2e    00000004                                   : exit.c.obj (.text:abort:abort)

.const     0    00002e38    000001e4     
                  00002e38    00000098     rtsv7M4_T_le_v4SPD16_eabi.lib : s_atan.c.obj (.const:$O1$$)
                  00002ed0    00000090     driverlib.lib : gpio.obj (.const:g_pui32GPIOBaseAddrs)
                  00002f60    0000006c                   : sysctl.obj (.const:g_pui32Xtals)
                  00002fcc    00000012     uartstdio.obj (.const:.string)
                  00002fde    00000002     --HOLE-- [fill = 0]
                  00002fe0    00000010     mpu6050.obj (.const:g_fMPU6050AccelFactors)
                  00002ff0    00000010     mpu6050.obj (.const:g_fMPU6050GyroFactors)
                  00003000    0000000c     uartstdio.obj (.const:g_ui32UARTBase)
                  0000300c    0000000c     uartstdio.obj (.const:g_ui32UARTPeriph)
                  00003018    00000004     uartstdio.obj (.const)

.cinit     0    00003020    00000030     
                  00003020    0000000c     (__TI_handler_table)
                  0000302c    00000004     --HOLE-- [fill = 0]
                  00003030    00000008     (.cinit..bss.load) [load image, compression = zero_init]
                  00003038    00000007     (.cinit..data.load) [load image, compression = lzss]
                  0000303f    00000001     --HOLE-- [fill = 0]
                  00003040    00000010     (__TI_cinit_table)

.init_array 
*          0    00000000    00000000     UNINITIALIZED

.bss       0    20000200    00000125     UNINITIALIZED
                  20000200    00000124     (.common:g_sI2CMSimpleInst)
                  20000324    00000001     (.common:g_bMPU6050Done)

.data      0    20000328    00000005     UNINITIALIZED
                  20000328    00000005     uartstdio.obj (.data)

.stack     0    20000000    00000200     UNINITIALIZED
                  20000000    00000004     rtsv7M4_T_le_v4SPD16_eabi.lib : boot_cortex_m.c.obj (.stack)
                  20000004    000001fc     --HOLE--

__llvm_prf_cnts 
*          0    20000000    00000000     UNINITIALIZED

MODULE SUMMARY

       Module                         code    ro data   rw data
       ------                         ----    -------   -------
    .\
       i2cm_drv.obj                   3450    0         0      
       mpu6050.obj                    1456    32        0      
       uartstdio.obj                  1244    46        5      
       main.obj                       780     0         293    
       tm4c123gh6pm_startup_ccs.obj   12      620       0      
    +--+------------------------------+-------+---------+---------+
       Total:                         6942    698       298    
                                                               
    C:/ti/TivaWare_C_Series-2.1.4.178/driverlib/ccs/Debug/driverlib.lib
       sysctl.obj                     654     108       0      
       gpio.obj                       474     144       0      
       i2c.obj                        86      0         0      
       interrupt.obj                  12      0         0      
       uart.obj                       6       0         0      
    +--+------------------------------+-------+---------+---------+
       Total:                         1232    252       0      
                                                               
    C:\ti\ccs1100\ccs\tools\compiler\ti-cgt-arm_20.2.6.LTS\lib\rtsv7M4_T_le_v4SPD16_eabi.lib
       s_atan.c.obj                   748     152       0      
       e_atan2.c.obj                  484     0         0      
       fd_add_t2.asm.obj              438     0         0      
       fd_div_t2.asm.obj              310     0         0      
       fd_mul_t2.asm.obj              252     0         0      
       memcpy_t2.asm.obj              156     0         0      
       fd_cmp_t2.asm.obj              134     0         0      
       fd_tos_t2.asm.obj              110     0         0      
       copy_decompress_lzss.c.obj     104     0         0      
       autoinit.c.obj                 68      0         0      
       u_divt2.asm.obj                64      0         0      
       fs_tod_t2.asm.obj              56      0         0      
       boot_cortex_m.c.obj            52      0         0      
       copy_zero_init.c.obj           28      0         0      
       copy_decompress_none.c.obj     14      0         0      
       exit.c.obj                     4       0         0      
       pre_init.c.obj                 4       0         0      
       div0.asm.obj                   2       0         0      
    +--+------------------------------+-------+---------+---------+
       Total:                         3028    152       0      
                                                               
       Stack:                         0       0         512    
       Linker Generated:              0       43        0      
    +--+------------------------------+-------+---------+---------+
       Grand Total:                   11202   1145      810    


LINKER GENERATED COPY TABLES

__TI_cinit_table @ 00003040 records: 2, size/record: 8, table size: 16
	.bss: load addr=00003030, load size=00000008 bytes, run addr=20000200, run size=00000125 bytes, compression=zero_init
	.data: load addr=00003038, load size=00000007 bytes, run addr=20000328, run size=00000005 bytes, compression=lzss


LINKER GENERATED HANDLER TABLE

__TI_handler_table @ 00003020 records: 3, size/record: 4, table size: 12
	index: 0, handler: __TI_decompress_lzss
	index: 1, handler: __TI_decompress_none
	index: 2, handler: __TI_zero_init


GLOBAL SYMBOLS: SORTED ALPHABETICALLY BY Name 

address   name                          
-------   ----                          
00002e2f  C$$EXIT                       
00001a2d  ConfigureUART                 
00002d71  GPIODirModeSet                
00002499  GPIOPadConfigSet              
00002b61  GPIOPinConfigure              
00002db7  GPIOPinTypeI2C                
00002dc9  GPIOPinTypeI2CSCL             
00002ddb  GPIOPinTypeUART               
00000923  I2CMCommand                   
000008bb  I2CMInit                      
0000078f  I2CMIntHandler                
00002c65  I2CMRead                      
00000e09  I2CMRead16BE                  
00000c2d  I2CMReadModifyWrite16LE       
00000add  I2CMReadModifyWrite8          
00001a97  I2CMSimpleIntHandler          
00000a07  I2CMTransferResume            
00002c9b  I2CMWrite                     
00000ecf  I2CMWrite16BE                 
00000d3d  I2CMWrite8                    
00002cd1  I2CMWriteBatched              
00002e15  I2CMasterEnable               
00002b15  I2CMasterInitExpClk           
000019d1  InitI2C0                      
00002dfd  IntTrigger                    
00001a85  MPU6050Callback               
00001375  MPU6050DataAccelGetFloat      
00001329  MPU6050DataAccelGetRaw        
00001459  MPU6050DataGyroGetFloat       
00001409  MPU6050DataGyroGetRaw         
000012c5  MPU6050DataRead               
00001aa1  MPU6050Example                
000010af  MPU6050Init                   
00001131  MPU6050Read                   
00001267  MPU6050ReadModifyWrite        
0000119d  MPU6050Write                  
00002e09  ResetISR                      
000025cd  SysCtlClockGet                
000027d9  SysCtlClockSet                
00002e1f  SysCtlDelay                   
00002d09  SysCtlPeripheralEnable        
00002ac5  SysCtlPeripheralReset         
00002e25  UARTClockSourceSet            
000014f5  UARTStdioConfig               
0000166d  UARTgetc                      
000015a7  UARTgets                      
0000199b  UARTprintf                    
000016a1  UARTvprintf                   
00001555  UARTwrite                     
20000200  __STACK_END                   
00000200  __STACK_SIZE                  
20000200  __STACK_TOP                   
00003040  __TI_CINIT_Base               
00003050  __TI_CINIT_Limit              
00003020  __TI_Handler_Table_Base       
0000302c  __TI_Handler_Table_Limit      
00002ba9  __TI_auto_init_nobinit_nopinit
00002a5d  __TI_decompress_lzss          
00002ded  __TI_decompress_none          
ffffffff  __TI_pprof_out_hndl           
ffffffff  __TI_prof_data_size           
ffffffff  __TI_prof_data_start          
00000000  __TI_static_base__            
00002d9b  __TI_zero_init_nomemset       
00002969  __aeabi_cdrcmple              
000029ef  __aeabi_d2f                   
000021b7  __aeabi_dadd                  
00002363  __aeabi_ddiv                  
000026dd  __aeabi_dmul                  
000021ad  __aeabi_dsub                  
00002c2d  __aeabi_f2d                   
000025cb  __aeabi_idiv0                 
000025cb  __aeabi_ldiv0                 
000028cd  __aeabi_memcpy                
000028cd  __aeabi_memcpy4               
000028cd  __aeabi_memcpy8               
00002bed  __aeabi_uidiv                 
00002bed  __aeabi_uidivmod              
ffffffff  __binit__                     
ffffffff  __c_args__                    
UNDEFED   __mpu_init                    
20000000  __stack                       
20000000  __start___llvm_prf_cnts       
20000000  __stop___llvm_prf_cnts        
00002d3d  _c_int00_noargs               
UNDEFED   _system_post_cinit            
00002e2b  _system_pre_init              
00002e2f  abort                         
00001cdd  atan                          
00001fc9  atan2                         
00001fc9  atan2l                        
00001cdd  atanl                         
ffffffff  binit                         
00001a69  delayMS                       
20000324  g_bMPU6050Done                
00000000  g_pfnVectors                  
20000200  g_sI2CMSimpleInst             
00001c4f  main                          
000028cd  memcpy                        


GLOBAL SYMBOLS: SORTED BY Symbol Address 

address   name                          
-------   ----                          
00000000  __TI_static_base__            
00000000  g_pfnVectors                  
00000200  __STACK_SIZE                  
0000078f  I2CMIntHandler                
000008bb  I2CMInit                      
00000923  I2CMCommand                   
00000a07  I2CMTransferResume            
00000add  I2CMReadModifyWrite8          
00000c2d  I2CMReadModifyWrite16LE       
00000d3d  I2CMWrite8                    
00000e09  I2CMRead16BE                  
00000ecf  I2CMWrite16BE                 
000010af  MPU6050Init                   
00001131  MPU6050Read                   
0000119d  MPU6050Write                  
00001267  MPU6050ReadModifyWrite        
000012c5  MPU6050DataRead               
00001329  MPU6050DataAccelGetRaw        
00001375  MPU6050DataAccelGetFloat      
00001409  MPU6050DataGyroGetRaw         
00001459  MPU6050DataGyroGetFloat       
000014f5  UARTStdioConfig               
00001555  UARTwrite                     
000015a7  UARTgets                      
0000166d  UARTgetc                      
000016a1  UARTvprintf                   
0000199b  UARTprintf                    
000019d1  InitI2C0                      
00001a2d  ConfigureUART                 
00001a69  delayMS                       
00001a85  MPU6050Callback               
00001a97  I2CMSimpleIntHandler          
00001aa1  MPU6050Example                
00001c4f  main                          
00001cdd  atan                          
00001cdd  atanl                         
00001fc9  atan2                         
00001fc9  atan2l                        
000021ad  __aeabi_dsub                  
000021b7  __aeabi_dadd                  
00002363  __aeabi_ddiv                  
00002499  GPIOPadConfigSet              
000025cb  __aeabi_idiv0                 
000025cb  __aeabi_ldiv0                 
000025cd  SysCtlClockGet                
000026dd  __aeabi_dmul                  
000027d9  SysCtlClockSet                
000028cd  __aeabi_memcpy                
000028cd  __aeabi_memcpy4               
000028cd  __aeabi_memcpy8               
000028cd  memcpy                        
00002969  __aeabi_cdrcmple              
000029ef  __aeabi_d2f                   
00002a5d  __TI_decompress_lzss          
00002ac5  SysCtlPeripheralReset         
00002b15  I2CMasterInitExpClk           
00002b61  GPIOPinConfigure              
00002ba9  __TI_auto_init_nobinit_nopinit
00002bed  __aeabi_uidiv                 
00002bed  __aeabi_uidivmod              
00002c2d  __aeabi_f2d                   
00002c65  I2CMRead                      
00002c9b  I2CMWrite                     
00002cd1  I2CMWriteBatched              
00002d09  SysCtlPeripheralEnable        
00002d3d  _c_int00_noargs               
00002d71  GPIODirModeSet                
00002d9b  __TI_zero_init_nomemset       
00002db7  GPIOPinTypeI2C                
00002dc9  GPIOPinTypeI2CSCL             
00002ddb  GPIOPinTypeUART               
00002ded  __TI_decompress_none          
00002dfd  IntTrigger                    
00002e09  ResetISR                      
00002e15  I2CMasterEnable               
00002e1f  SysCtlDelay                   
00002e25  UARTClockSourceSet            
00002e2b  _system_pre_init              
00002e2f  C$$EXIT                       
00002e2f  abort                         
00003020  __TI_Handler_Table_Base       
0000302c  __TI_Handler_Table_Limit      
00003040  __TI_CINIT_Base               
00003050  __TI_CINIT_Limit              
20000000  __stack                       
20000000  __start___llvm_prf_cnts       
20000000  __stop___llvm_prf_cnts        
20000200  __STACK_END                   
20000200  __STACK_TOP                   
20000200  g_sI2CMSimpleInst             
20000324  g_bMPU6050Done                
ffffffff  __TI_pprof_out_hndl           
ffffffff  __TI_prof_data_size           
ffffffff  __TI_prof_data_start          
ffffffff  __binit__                     
ffffffff  __c_args__                    
ffffffff  binit                         
UNDEFED   __mpu_init                    
UNDEFED   _system_post_cinit            

[99 symbols]
